com\graphhopper\util\BreadthFirstSearchTest$1.class
com\graphhopper\routing\RandomCHRoutingTest.class
com\graphhopper\storage\RAMIntDataAccessTest.class
com\graphhopper\reader\dem\BridgeElevationInterpolatorTest.class
com\graphhopper\reader\dem\SRTMProviderTest.class
com\graphhopper\routing\CHQueryWithTurnCostsTest$FixtureProvider.class
com\graphhopper\routing\ch\EdgeBasedNodeContractorTest$GraphWithLoop.class
com\graphhopper\reader\osm\OSMReaderTest.class
com\graphhopper\routing\util\parsers\TagParsingTest$1.class
com\graphhopper\routing\util\HeadingEdgeFilterTest.class
com\graphhopper\routing\util\parsers\OSMMaxWeightParserTest.class
com\graphhopper\routing\util\parsers\RestrictionSetterTest$1.class
com\graphhopper\reader\dem\GMTEDProviderTest.class
com\graphhopper\routing\util\parsers\OSMSmoothnessParserTest.class
com\graphhopper\search\KVStorageTest.class
com\graphhopper\reader\dem\HeightTileTest.class
com\graphhopper\storage\RAMDirectoryTest.class
com\graphhopper\routing\ch\CHPreparationGraphTest.class
com\graphhopper\routing\ch\EdgeBasedNodeContractorTest$GraphWithDetourMultipleInOutEdges.class
com\graphhopper\routing\DirectionResolverOnQueryGraphTest$ExpectedEdge.class
com\graphhopper\routing\PathTest$AccessWeighting.class
com\graphhopper\storage\TurnCostStorageTest.class
com\graphhopper\routing\DijkstraBidirectionCHTest.class
com\graphhopper\routing\util\parsers\HikeCustomModelTest.class
com\graphhopper\reader\dem\EdgeElevationInterpolatorTest.class
com\graphhopper\routing\util\parsers\OSMGetOffBikeParserTest.class
com\graphhopper\routing\RoutingAlgorithmTest$CHAStarCalculator.class
com\graphhopper\reader\dem\MultiSourceElevationProviderTest$1.class
com\graphhopper\geohash\SpatialKeyAlgoTest.class
com\graphhopper\GraphHopperTest$1$1.class
com\graphhopper\routing\lm\LandmarkStorageTest$1.class
com\graphhopper\storage\ShortcutUnpackerTest$TurnWeightingVisitor.class
com\graphhopper\routing\EdgeBasedRoutingAlgorithmTest$1.class
com\graphhopper\util\DistanceCalcEuclideanTest.class
com\graphhopper\routing\RoutingAlgorithmTest$BidirDijkstraCalculator.class
com\graphhopper\util\SimpleIntDequeTest.class
com\graphhopper\coll\GHTBitSetTest.class
com\graphhopper\storage\GHDirectoryTest.class
com\graphhopper\util\AngleCalcTest.class
com\graphhopper\reader\dem\GMTEDProviderTest$1.class
com\graphhopper\reader\osm\WayToEdgeConverterTest.class
com\graphhopper\routing\RoutingAlgorithmTest$AStarCalculator.class
com\graphhopper\storage\BaseGraphWithTurnCostsTest.class
com\graphhopper\routing\RoundTripRoutingTest.class
com\graphhopper\routing\RandomizedRoutingTest$Fixture.class
com\graphhopper\routing\RoutingCHGraphImplTest.class
com\graphhopper\routing\lm\LandmarkStorageTest.class
com\graphhopper\routing\util\parsers\OSMMaxSpeedParserTest.class
com\graphhopper\reader\osm\OSMReaderUtilityTest.class
com\graphhopper\storage\MMapDataAccessTest.class
com\graphhopper\storage\MMapDirectoryTest.class
com\graphhopper\isochrone\algorithm\ShortestPathTreeTest.class
com\graphhopper\routing\util\SnapPreventionEdgeFilterTest.class
com\graphhopper\reader\dem\EdgeSamplingTest.class
com\graphhopper\routing\RoutingAlgorithmTest$DijkstraOneToManyCalculator.class
com\graphhopper\routing\weighting\DefaultTurnCostProviderTest.class
com\graphhopper\routing\RoutingAlgorithmWithOSMTest$ViaPoint.class
com\graphhopper\GraphHopperTest$1.class
com\graphhopper\apache\commons\lang3\StringUtilsTest.class
com\graphhopper\routing\weighting\custom\CustomModelParserTest.class
com\graphhopper\storage\ShortcutUnpackerTest$FixtureProvider.class
com\graphhopper\util\ArrayUtilTest.class
com\graphhopper\routing\CHQueryWithTurnCostsTest$Fixture.class
com\graphhopper\routing\util\EncodingManagerTest.class
com\graphhopper\routing\ch\OnFlyStatisticsCalculatorTest.class
com\graphhopper\routing\util\parsers\OSMHazmatTunnelParserTest.class
com\graphhopper\util\GHUtilityTest.class
com\graphhopper\routing\RandomCHRoutingTest$FixtureProvider.class
com\graphhopper\util\DepthFirstSearchTest$2.class
com\graphhopper\routing\ev\EnumEncodedValueTest.class
com\graphhopper\routing\util\FerrySpeedCalculatorTest.class
com\graphhopper\routing\RandomCHRoutingTest$Fixture.class
com\graphhopper\routing\RoutingAlgorithmTest$CHDijkstraCalculator.class
com\graphhopper\routing\weighting\custom\FindMinMaxTest.class
com\graphhopper\reader\osm\GraphHopperOSMTest.class
com\graphhopper\routing\ch\CHPreparationHandlerTest.class
com\graphhopper\storage\AbstractLockFactoryTester.class
com\graphhopper\routing\QueryRoutingCHGraphTest.class
com\graphhopper\reader\dem\CGIARProviderTest.class
com\graphhopper\routing\weighting\custom\ValueExpressionVisitorTest.class
com\graphhopper\routing\AlternativeRouteTest.class
com\graphhopper\storage\ShortcutUnpackerTest$Fixture.class
com\graphhopper\apache\commons\collections\IntFloatBinaryHeapTest.class
com\graphhopper\reader\osm\GraphHopperOSMTest$3.class
com\graphhopper\util\UnzipperTest.class
com\graphhopper\reader\dem\EdgeSamplingTest$1.class
com\graphhopper\routing\DirectionResolverTest.class
com\graphhopper\reader\dem\CGIARProviderTest$1.class
com\graphhopper\storage\VLongStorageTest.class
com\graphhopper\routing\AlternativeRouteTest$FixtureProvider.class
com\graphhopper\coll\MinHeapWithUpdateTest.class
com\graphhopper\routing\EdgeBasedRoutingAlgorithmTest$FixtureProvider.class
com\graphhopper\reader\dem\HGTProviderTest.class
com\graphhopper\routing\DirectedRoutingTest.class
com\graphhopper\routing\RoutingAlgorithmTest$Fixture.class
com\graphhopper\reader\dem\SkadiProviderTest.class
com\graphhopper\storage\CHStorageTest.class
com\graphhopper\util\DepthFirstSearchTest.class
com\graphhopper\routing\ch\EdgeBasedNodeContractorTest$GraphWithTwoLoops.class
com\graphhopper\routing\util\parsers\OSMHgvParserTest.class
com\graphhopper\routing\DirectedRoutingTest$RepeatedFixtureProvider.class
com\graphhopper\routing\util\parsers\OSMRestrictionSetterTest.class
com\graphhopper\storage\GraphStorageViaMMapTest.class
com\graphhopper\routing\util\parsers\OSMRoadAccessParserTest$1.class
com\graphhopper\util\PathSimplificationTest$TestPartition.class
com\graphhopper\util\shapes\BBoxTest.class
com\graphhopper\routing\DijkstraOneToManyTest.class
com\graphhopper\storage\NativeFSLockFactoryTest.class
com\graphhopper\isochrone\algorithm\QuadEdgeSubdivisionTest.class
com\graphhopper\storage\ShortcutUnpackerTest.class
com\graphhopper\routing\RoutingAlgorithmTest$PathCalculator.class
com\graphhopper\util\DepthFirstSearchTest$1.class
com\graphhopper\util\PathMergerTest.class
com\graphhopper\routing\ch\EdgeBasedNodeContractorTest$Shortcut.class
com\graphhopper\routing\weighting\WeightingTest.class
com\graphhopper\routing\RoutingAlgorithmWithOSMTest$Query.class
com\graphhopper\storage\RAMDataAccessTest.class
com\graphhopper\storage\BaseGraphTest.class
com\graphhopper\routing\ch\EdgeBasedWitnessPathSearcherTest.class
com\graphhopper\routing\RoutingAlgorithmTest$FixtureProvider.class
com\graphhopper\routing\util\parsers\OSMRoadClassParserTest.class
com\graphhopper\reader\dem\SRTMGL1ProviderTest.class
com\graphhopper\util\InstructionListTest.class
com\graphhopper\util\PathSimplificationTest$TestPartition$Interval.class
com\graphhopper\routing\ch\EdgeBasedNodeContractorTest$GraphWithDetour.class
com\graphhopper\routing\util\MaxSpeedCalculatorTest.class
com\graphhopper\util\PathSimplificationTest.class
com\graphhopper\routing\util\parsers\BikeCustomModelTest.class
com\graphhopper\routing\DirectionResolverOnQueryGraphTest.class
com\graphhopper\coll\AbstractMyBitSetTest.class
com\graphhopper\coll\GHLongLongBTreeTest.class
com\graphhopper\routing\util\parsers\BikeTagParserTest.class
com\graphhopper\routing\RoutingAlgorithmTest.class
com\graphhopper\util\PointListTest.class
com\graphhopper\routing\HeadingRoutingTest.class
com\graphhopper\util\TranslationMapTest.class
com\graphhopper\routing\util\parsers\MaxWeightExceptParserTest.class
com\graphhopper\routing\DirectedRoutingTest$FixtureProvider.class
com\graphhopper\routing\DirectionResolverOnQueryGraphTest$ExpectedResult.class
com\graphhopper\routing\PriorityRoutingTest.class
com\graphhopper\routing\weighting\custom\CustomWeightingHelperTest.class
com\graphhopper\routing\RandomizedRoutingTest$Algo.class
com\graphhopper\routing\util\parsers\OSMTollParserTest.class
com\graphhopper\routing\util\parsers\OSMTrackTypeParserTest.class
com\graphhopper\util\BitUtilTest.class
com\graphhopper\routing\HeadingResolverTest.class
com\graphhopper\GraphHopperProfileTest.class
com\graphhopper\routing\lm\PrepareLandmarksTest.class
com\graphhopper\routing\util\parsers\OSMSurfaceParserTest.class
com\graphhopper\coll\BitSetImplTest.class
com\graphhopper\routing\util\countryrules\CountryRuleTest.class
com\graphhopper\routing\ch\NodeBasedNodeContractorTest.class
com\graphhopper\reader\osm\GraphHopperOSMTest$1.class
com\graphhopper\GraphHopperTest$3.class
com\graphhopper\routing\DirectedBidirectionalDijkstraTest.class
com\graphhopper\routing\ch\EdgeBasedNodeContractorTest.class
com\graphhopper\routing\AlternativeRouteTest$Fixture.class
com\graphhopper\routing\DirectedRoutingTest$Fixture.class
com\graphhopper\routing\subnetwork\TarjanSCCTest.class
com\graphhopper\routing\util\parsers\OSMMtbRatingParserTest.class
com\graphhopper\routing\RoutingAlgorithmTest$SimpleCalculator.class
com\graphhopper\routing\PathTest.class
com\graphhopper\routing\RoutingAlgorithmTest$BidirAStarCalculator.class
com\graphhopper\reader\dem\EdgeElevationSmoothingMovingAverageTest.class
com\graphhopper\routing\util\parsers\OSMRoadAccessParserTest.class
com\graphhopper\coll\BinaryHeapTestInterface$Entry.class
com\graphhopper\routing\util\AreaIndexTest.class
com\graphhopper\reader\dem\ElevationInterpolatorTest.class
com\graphhopper\routing\util\NameSimilarityEdgeFilterTest.class
com\graphhopper\routing\util\parsers\CarTagParserTest.class
com\graphhopper\routing\weighting\custom\ConditionalExpressionVisitorTest.class
com\graphhopper\routing\PathTest$RoundaboutGraph.class
com\graphhopper\routing\subnetwork\EdgeBasedTarjanSCCTest.class
com\graphhopper\reader\dem\CGIARProviderTest$2.class
com\graphhopper\routing\lm\LMPreparationHandlerTest.class
com\graphhopper\isochrone\algorithm\ShortestPathTreeTest$1.class
com\graphhopper\routing\ch\NodeBasedWitnessPathSearcherTest.class
com\graphhopper\reader\osm\conditional\DateRangeParserTest.class
com\graphhopper\routing\RandomizedRoutingTest$FixtureProvider.class
com\graphhopper\reader\osm\ExtractMembersTest.class
com\graphhopper\routing\RandomizedRoutingTest$FixtureSupplier.class
com\graphhopper\routing\CustomizableConditionalRestrictionsTest.class
com\graphhopper\routing\ev\EncodedValueSerializerTest.class
com\graphhopper\routing\RoutingAlgorithmTest$1.class
com\graphhopper\routing\util\parsers\OSMLanesParserTest.class
com\graphhopper\routing\util\parsers\OSMHazmatParserTest.class
com\graphhopper\routing\util\parsers\AbstractBikeTagParserTester.class
com\graphhopper\routing\util\SlopeCalculatorTest.class
com\graphhopper\routing\RandomizedRoutingTest$RepeatedFixtureProvider.class
com\graphhopper\util\shapes\PolygonTest.class
com\graphhopper\GraphHopperTest.class
com\graphhopper\isochrone\algorithm\ShortestPathTreeTest$TimeBasedUTurnCost.class
com\graphhopper\routing\util\parsers\RacingBikeTagParserTest.class
com\graphhopper\routing\lm\LMIssueTest.class
com\graphhopper\routing\util\CurvatureCalculatorTest.class
com\graphhopper\storage\ShortcutUnpackerTest$TestVisitor.class
com\graphhopper\reader\dem\GMTEDProviderTest$2.class
com\graphhopper\routing\lm\LMIssueTest$Algo.class
com\graphhopper\routing\util\parsers\BusCustomModelTest.class
com\graphhopper\storage\AbstractGraphStorageTester.class
com\graphhopper\routing\ev\DecimalEncodedValueTest.class
com\graphhopper\routing\util\parsers\TagParsingTest.class
com\graphhopper\storage\index\PixelGridTraversalTest.class
com\graphhopper\routing\RoutingAlgorithmWithOSMTest.class
com\graphhopper\reader\osm\GraphHopperOSMTest$2.class
com\graphhopper\routing\ch\NodeBasedNodeContractorTest$Shortcut.class
com\graphhopper\routing\ev\BooleanEncodedValueTest.class
com\graphhopper\storage\AbstractDirectoryTester.class
com\graphhopper\GraphHopperTest$2.class
com\graphhopper\routing\ev\MaxWeightTest.class
com\graphhopper\routing\ch\CHTurnCostTest.class
com\graphhopper\routing\util\parsers\RestrictionSetterTest.class
com\graphhopper\util\shapes\CircleTest.class
com\graphhopper\reader\osm\OSMReaderTest$1.class
com\graphhopper\routing\ev\DecimalEncodedValueImplTest.class
com\graphhopper\routing\util\parsers\FootTagParserTest.class
com\graphhopper\routing\util\parsers\OSMRoadEnvironmentParserTest.class
com\graphhopper\storage\index\SnapTest.class
com\graphhopper\routing\util\parsers\OSMHazmatWaterParserTest.class
com\graphhopper\reader\dem\MultiSourceElevationProviderTest.class
com\graphhopper\routing\EdgeBasedRoutingAlgorithmTest.class
com\graphhopper\routing\AStarBidirectionTest$InfeasibleApproximator.class
com\graphhopper\reader\dem\EdgeElevationSmoothingRamerTest.class
com\graphhopper\reader\osm\OSMReaderTest$GraphHopperFacade.class
com\graphhopper\routing\util\tour\SinglePointTourTest.class
com\graphhopper\routing\DirectedRoutingTest$Algo.class
com\graphhopper\util\BreadthFirstSearchTest.class
com\graphhopper\storage\index\LocationIndexTreeTest.class
com\graphhopper\routing\util\parsers\OSMCrossingParserTest.class
com\graphhopper\reader\osm\OSMReaderTest$3.class
com\graphhopper\routing\util\parsers\MountainBikeTagParserTest.class
com\graphhopper\routing\RoutingAlgorithmTest$CHCalculator.class
com\graphhopper\routing\ev\StringEncodedValueTest.class
com\graphhopper\storage\DataAccessTest.class
com\graphhopper\routing\subnetwork\PrepareRoutingSubnetworksTest.class
com\graphhopper\routing\ch\PrepareContractionHierarchiesTest.class
com\graphhopper\routing\util\parsers\OSMMaxAxleLoadParserTest.class
com\graphhopper\util\AngleCalcTest$Coordinate.class
com\graphhopper\routing\AlternativeRouteCHTest.class
com\graphhopper\routing\AlternativeRouteEdgeCHTest.class
com\graphhopper\routing\ev\ImportUnitSorterTest.class
com\graphhopper\routing\RoutingAlgorithmTest$DijkstraCalculator.class
com\graphhopper\reader\osm\ReaderElementTest.class
com\graphhopper\coll\GHSortedCollectionTest.class
com\graphhopper\routing\weighting\custom\CustomModelParserTest$MyBus.class
com\graphhopper\coll\BinaryHeapTestInterface.class
com\graphhopper\routing\RandomizedRoutingTest.class
com\graphhopper\routing\subnetwork\SubnetworkStorageTest.class
com\graphhopper\routing\ev\RoadAccessTest.class
com\graphhopper\reader\dem\MultiSourceElevationProviderTest$2.class
com\graphhopper\routing\util\parsers\ModeAccessParserTest.class
com\graphhopper\routing\AStarBidirectionTest.class
com\graphhopper\routing\ev\IntEncodedValueImplTest.class
com\graphhopper\routing\weighting\custom\CustomWeightingTest.class
com\graphhopper\routing\DefaultBidirPathExtractorTest.class
com\graphhopper\util\BreadthFirstSearchTest$2.class
com\graphhopper\routing\util\parsers\OSMValueExtractorTest.class
com\graphhopper\util\RamerDouglasPeuckerTest.class
com\graphhopper\routing\lm\LMApproximatorTest.class
com\graphhopper\reader\osm\OSMReaderTest$2.class
com\graphhopper\routing\querygraph\QueryGraphTest.class
com\graphhopper\routing\subnetwork\TarjanSCCTest$IntWithArray.class
com\graphhopper\reader\dem\TunnelElevationInterpolatorTest.class
com\graphhopper\reader\osm\WayToEdgesMapTest.class
com\graphhopper\routing\CHQueryWithTurnCostsTest.class
com\graphhopper\reader\osm\RestrictionTagParserTest.class
com\graphhopper\routing\util\parsers\OSMTemporalAccessParserTest.class
com\graphhopper\storage\StorablePropertiesTest.class
com\graphhopper\storage\SimpleFSLockFactoryTest.class
com\graphhopper\routing\util\parsers\OSMRestrictionSetterTest$1.class
