C:\Users\emman\Desktop\IFT3913\graphhopper\core\src\test\java\com\graphhopper\reader\osm\OSMReaderTest.java
C:\Users\emman\Desktop\IFT3913\graphhopper\core\src\test\java\com\graphhopper\routing\util\EncodingManagerTest.java
C:\Users\emman\Desktop\IFT3913\graphhopper\core\src\test\java\com\graphhopper\storage\index\PixelGridTraversalTest.java
C:\Users\emman\Desktop\IFT3913\graphhopper\core\src\test\java\com\graphhopper\reader\dem\EdgeElevationSmoothingRamerTest.java
C:\Users\emman\Desktop\IFT3913\graphhopper\core\src\test\java\com\graphhopper\routing\util\SnapPreventionEdgeFilterTest.java
C:\Users\emman\Desktop\IFT3913\graphhopper\core\src\test\java\com\graphhopper\storage\SimpleFSLockFactoryTest.java
C:\Users\emman\Desktop\IFT3913\graphhopper\core\src\test\java\com\graphhopper\util\PointListTest.java
C:\Users\emman\Desktop\IFT3913\graphhopper\core\src\test\java\com\graphhopper\routing\lm\PrepareLandmarksTest.java
C:\Users\emman\Desktop\IFT3913\graphhopper\core\src\test\java\com\graphhopper\routing\util\parsers\OSMValueExtractorTest.java
C:\Users\emman\Desktop\IFT3913\graphhopper\core\src\test\java\com\graphhopper\storage\RAMIntDataAccessTest.java
C:\Users\emman\Desktop\IFT3913\graphhopper\core\src\test\java\com\graphhopper\routing\AlternativeRouteCHTest.java
C:\Users\emman\Desktop\IFT3913\graphhopper\core\src\test\java\com\graphhopper\routing\ch\NodeBasedWitnessPathSearcherTest.java
C:\Users\emman\Desktop\IFT3913\graphhopper\core\src\test\java\com\graphhopper\routing\DirectionResolverOnQueryGraphTest.java
C:\Users\emman\Desktop\IFT3913\graphhopper\core\src\test\java\com\graphhopper\routing\ch\CHPreparationHandlerTest.java
C:\Users\emman\Desktop\IFT3913\graphhopper\core\src\test\java\com\graphhopper\coll\BinaryHeapTestInterface.java
C:\Users\emman\Desktop\IFT3913\graphhopper\core\src\test\java\com\graphhopper\routing\util\parsers\OSMGetOffBikeParserTest.java
C:\Users\emman\Desktop\IFT3913\graphhopper\core\src\test\java\com\graphhopper\storage\CHStorageTest.java
C:\Users\emman\Desktop\IFT3913\graphhopper\core\src\test\java\com\graphhopper\storage\MMapDataAccessTest.java
C:\Users\emman\Desktop\IFT3913\graphhopper\core\src\test\java\com\graphhopper\routing\EdgeBasedRoutingAlgorithmTest.java
C:\Users\emman\Desktop\IFT3913\graphhopper\core\src\test\java\com\graphhopper\routing\PriorityRoutingTest.java
C:\Users\emman\Desktop\IFT3913\graphhopper\core\src\test\java\com\graphhopper\routing\RoutingCHGraphImplTest.java
C:\Users\emman\Desktop\IFT3913\graphhopper\core\src\test\java\com\graphhopper\routing\util\parsers\BikeTagParserTest.java
C:\Users\emman\Desktop\IFT3913\graphhopper\core\src\test\java\com\graphhopper\routing\util\parsers\OSMHazmatTunnelParserTest.java
C:\Users\emman\Desktop\IFT3913\graphhopper\core\src\test\java\com\graphhopper\routing\util\parsers\OSMHazmatWaterParserTest.java
C:\Users\emman\Desktop\IFT3913\graphhopper\core\src\test\java\com\graphhopper\routing\util\parsers\OSMSurfaceParserTest.java
C:\Users\emman\Desktop\IFT3913\graphhopper\core\src\test\java\com\graphhopper\routing\util\parsers\MountainBikeTagParserTest.java
C:\Users\emman\Desktop\IFT3913\graphhopper\core\src\test\java\com\graphhopper\reader\dem\EdgeSamplingTest.java
C:\Users\emman\Desktop\IFT3913\graphhopper\core\src\test\java\com\graphhopper\routing\AlternativeRouteEdgeCHTest.java
C:\Users\emman\Desktop\IFT3913\graphhopper\core\src\test\java\com\graphhopper\reader\dem\GMTEDProviderTest.java
C:\Users\emman\Desktop\IFT3913\graphhopper\core\src\test\java\com\graphhopper\reader\dem\SkadiProviderTest.java
C:\Users\emman\Desktop\IFT3913\graphhopper\core\src\test\java\com\graphhopper\routing\weighting\custom\FindMinMaxTest.java
C:\Users\emman\Desktop\IFT3913\graphhopper\core\src\test\java\com\graphhopper\util\TranslationMapTest.java
C:\Users\emman\Desktop\IFT3913\graphhopper\core\src\test\java\com\graphhopper\routing\ev\RoadAccessTest.java
C:\Users\emman\Desktop\IFT3913\graphhopper\core\src\test\java\com\graphhopper\routing\util\parsers\OSMMtbRatingParserTest.java
C:\Users\emman\Desktop\IFT3913\graphhopper\core\src\test\java\com\graphhopper\util\SimpleIntDequeTest.java
C:\Users\emman\Desktop\IFT3913\graphhopper\core\src\test\java\com\graphhopper\routing\util\parsers\FootTagParserTest.java
C:\Users\emman\Desktop\IFT3913\graphhopper\core\src\test\java\com\graphhopper\routing\util\parsers\CarTagParserTest.java
C:\Users\emman\Desktop\IFT3913\graphhopper\core\src\test\java\com\graphhopper\routing\ev\DecimalEncodedValueTest.java
C:\Users\emman\Desktop\IFT3913\graphhopper\core\src\test\java\com\graphhopper\coll\GHSortedCollectionTest.java
C:\Users\emman\Desktop\IFT3913\graphhopper\core\src\test\java\com\graphhopper\routing\util\parsers\OSMTemporalAccessParserTest.java
C:\Users\emman\Desktop\IFT3913\graphhopper\core\src\test\java\com\graphhopper\util\AngleCalcTest.java
C:\Users\emman\Desktop\IFT3913\graphhopper\core\src\test\java\com\graphhopper\reader\dem\SRTMProviderTest.java
C:\Users\emman\Desktop\IFT3913\graphhopper\core\src\test\java\com\graphhopper\routing\ev\ImportUnitSorterTest.java
C:\Users\emman\Desktop\IFT3913\graphhopper\core\src\test\java\com\graphhopper\routing\weighting\DefaultTurnCostProviderTest.java
C:\Users\emman\Desktop\IFT3913\graphhopper\core\src\test\java\com\graphhopper\routing\subnetwork\TarjanSCCTest.java
C:\Users\emman\Desktop\IFT3913\graphhopper\core\src\test\java\com\graphhopper\reader\osm\WayToEdgesMapTest.java
C:\Users\emman\Desktop\IFT3913\graphhopper\core\src\test\java\com\graphhopper\routing\HeadingResolverTest.java
C:\Users\emman\Desktop\IFT3913\graphhopper\core\src\test\java\com\graphhopper\routing\DefaultBidirPathExtractorTest.java
C:\Users\emman\Desktop\IFT3913\graphhopper\core\src\test\java\com\graphhopper\storage\RAMDirectoryTest.java
C:\Users\emman\Desktop\IFT3913\graphhopper\core\src\test\java\com\graphhopper\routing\util\parsers\OSMSmoothnessParserTest.java
C:\Users\emman\Desktop\IFT3913\graphhopper\core\src\test\java\com\graphhopper\routing\DijkstraBidirectionCHTest.java
C:\Users\emman\Desktop\IFT3913\graphhopper\core\src\test\java\com\graphhopper\routing\util\parsers\OSMRoadEnvironmentParserTest.java
C:\Users\emman\Desktop\IFT3913\graphhopper\core\src\test\java\com\graphhopper\util\shapes\BBoxTest.java
C:\Users\emman\Desktop\IFT3913\graphhopper\core\src\test\java\com\graphhopper\routing\weighting\custom\ConditionalExpressionVisitorTest.java
C:\Users\emman\Desktop\IFT3913\graphhopper\core\src\test\java\com\graphhopper\routing\ch\CHPreparationGraphTest.java
C:\Users\emman\Desktop\IFT3913\graphhopper\core\src\test\java\com\graphhopper\routing\util\parsers\OSMMaxAxleLoadParserTest.java
C:\Users\emman\Desktop\IFT3913\graphhopper\core\src\test\java\com\graphhopper\storage\index\SnapTest.java
C:\Users\emman\Desktop\IFT3913\graphhopper\core\src\test\java\com\graphhopper\isochrone\algorithm\ShortestPathTreeTest.java
C:\Users\emman\Desktop\IFT3913\graphhopper\core\src\test\java\com\graphhopper\routing\util\parsers\TagParsingTest.java
C:\Users\emman\Desktop\IFT3913\graphhopper\core\src\test\java\com\graphhopper\apache\commons\lang3\StringUtilsTest.java
C:\Users\emman\Desktop\IFT3913\graphhopper\core\src\test\java\com\graphhopper\reader\osm\OSMReaderUtilityTest.java
C:\Users\emman\Desktop\IFT3913\graphhopper\core\src\test\java\com\graphhopper\coll\BitSetImplTest.java
C:\Users\emman\Desktop\IFT3913\graphhopper\core\src\test\java\com\graphhopper\routing\util\parsers\OSMTollParserTest.java
C:\Users\emman\Desktop\IFT3913\graphhopper\core\src\test\java\com\graphhopper\reader\dem\HGTProviderTest.java
C:\Users\emman\Desktop\IFT3913\graphhopper\core\src\test\java\com\graphhopper\storage\GHDirectoryTest.java
C:\Users\emman\Desktop\IFT3913\graphhopper\core\src\test\java\com\graphhopper\routing\util\parsers\OSMMaxSpeedParserTest.java
C:\Users\emman\Desktop\IFT3913\graphhopper\core\src\test\java\com\graphhopper\routing\util\parsers\ModeAccessParserTest.java
C:\Users\emman\Desktop\IFT3913\graphhopper\core\src\test\java\com\graphhopper\routing\util\parsers\OSMRestrictionSetterTest.java
C:\Users\emman\Desktop\IFT3913\graphhopper\core\src\test\java\com\graphhopper\routing\util\parsers\OSMRoadAccessParserTest.java
C:\Users\emman\Desktop\IFT3913\graphhopper\core\src\test\java\com\graphhopper\reader\dem\MultiSourceElevationProviderTest.java
C:\Users\emman\Desktop\IFT3913\graphhopper\core\src\test\java\com\graphhopper\routing\ev\EncodedValueSerializerTest.java
C:\Users\emman\Desktop\IFT3913\graphhopper\core\src\test\java\com\graphhopper\routing\PathTest.java
C:\Users\emman\Desktop\IFT3913\graphhopper\core\src\test\java\com\graphhopper\routing\RandomizedRoutingTest.java
C:\Users\emman\Desktop\IFT3913\graphhopper\core\src\test\java\com\graphhopper\storage\AbstractDirectoryTester.java
C:\Users\emman\Desktop\IFT3913\graphhopper\core\src\test\java\com\graphhopper\routing\util\MaxSpeedCalculatorTest.java
C:\Users\emman\Desktop\IFT3913\graphhopper\core\src\test\java\com\graphhopper\routing\DirectionResolverTest.java
C:\Users\emman\Desktop\IFT3913\graphhopper\core\src\test\java\com\graphhopper\routing\QueryRoutingCHGraphTest.java
C:\Users\emman\Desktop\IFT3913\graphhopper\core\src\test\java\com\graphhopper\util\shapes\CircleTest.java
C:\Users\emman\Desktop\IFT3913\graphhopper\core\src\test\java\com\graphhopper\reader\osm\WayToEdgeConverterTest.java
C:\Users\emman\Desktop\IFT3913\graphhopper\core\src\test\java\com\graphhopper\routing\ev\IntEncodedValueImplTest.java
C:\Users\emman\Desktop\IFT3913\graphhopper\core\src\test\java\com\graphhopper\apache\commons\collections\IntFloatBinaryHeapTest.java
C:\Users\emman\Desktop\IFT3913\graphhopper\core\src\test\java\com\graphhopper\routing\ch\PrepareContractionHierarchiesTest.java
C:\Users\emman\Desktop\IFT3913\graphhopper\core\src\test\java\com\graphhopper\reader\dem\CGIARProviderTest.java
C:\Users\emman\Desktop\IFT3913\graphhopper\core\src\test\java\com\graphhopper\routing\RoutingAlgorithmWithOSMTest.java
C:\Users\emman\Desktop\IFT3913\graphhopper\core\src\test\java\com\graphhopper\routing\util\parsers\OSMRoadClassParserTest.java
C:\Users\emman\Desktop\IFT3913\graphhopper\core\src\test\java\com\graphhopper\reader\osm\RestrictionTagParserTest.java
C:\Users\emman\Desktop\IFT3913\graphhopper\core\src\test\java\com\graphhopper\routing\util\CurvatureCalculatorTest.java
C:\Users\emman\Desktop\IFT3913\graphhopper\core\src\test\java\com\graphhopper\routing\util\parsers\RestrictionSetterTest.java
C:\Users\emman\Desktop\IFT3913\graphhopper\core\src\test\java\com\graphhopper\routing\util\tour\SinglePointTourTest.java
C:\Users\emman\Desktop\IFT3913\graphhopper\core\src\test\java\com\graphhopper\storage\DataAccessTest.java
C:\Users\emman\Desktop\IFT3913\graphhopper\core\src\test\java\com\graphhopper\routing\lm\LMIssueTest.java
C:\Users\emman\Desktop\IFT3913\graphhopper\core\src\test\java\com\graphhopper\routing\querygraph\QueryGraphTest.java
C:\Users\emman\Desktop\IFT3913\graphhopper\core\src\test\java\com\graphhopper\routing\DirectedBidirectionalDijkstraTest.java
C:\Users\emman\Desktop\IFT3913\graphhopper\core\src\test\java\com\graphhopper\reader\dem\BridgeElevationInterpolatorTest.java
C:\Users\emman\Desktop\IFT3913\graphhopper\core\src\test\java\com\graphhopper\routing\util\parsers\OSMMaxWeightParserTest.java
C:\Users\emman\Desktop\IFT3913\graphhopper\core\src\test\java\com\graphhopper\routing\ev\MaxWeightTest.java
C:\Users\emman\Desktop\IFT3913\graphhopper\core\src\test\java\com\graphhopper\storage\index\LocationIndexTreeTest.java
C:\Users\emman\Desktop\IFT3913\graphhopper\core\src\test\java\com\graphhopper\routing\util\parsers\BikeCustomModelTest.java
C:\Users\emman\Desktop\IFT3913\graphhopper\core\src\test\java\com\graphhopper\isochrone\algorithm\QuadEdgeSubdivisionTest.java
C:\Users\emman\Desktop\IFT3913\graphhopper\core\src\test\java\com\graphhopper\routing\util\NameSimilarityEdgeFilterTest.java
C:\Users\emman\Desktop\IFT3913\graphhopper\core\src\test\java\com\graphhopper\coll\GHLongLongBTreeTest.java
C:\Users\emman\Desktop\IFT3913\graphhopper\core\src\test\java\com\graphhopper\reader\osm\GraphHopperOSMTest.java
C:\Users\emman\Desktop\IFT3913\graphhopper\core\src\test\java\com\graphhopper\util\DistanceCalcEarthTest.java
C:\Users\emman\Desktop\IFT3913\graphhopper\core\src\test\java\com\graphhopper\routing\AStarBidirectionTest.java
C:\Users\emman\Desktop\IFT3913\graphhopper\core\src\test\java\com\graphhopper\reader\osm\conditional\DateRangeParserTest.java
C:\Users\emman\Desktop\IFT3913\graphhopper\core\src\test\java\com\graphhopper\routing\RoundTripRoutingTest.java
C:\Users\emman\Desktop\IFT3913\graphhopper\core\src\test\java\com\graphhopper\coll\MinHeapWithUpdateTest.java
C:\Users\emman\Desktop\IFT3913\graphhopper\core\src\test\java\com\graphhopper\geohash\SpatialKeyAlgoTest.java
C:\Users\emman\Desktop\IFT3913\graphhopper\core\src\test\java\com\graphhopper\routing\ev\EnumEncodedValueTest.java
C:\Users\emman\Desktop\IFT3913\graphhopper\core\src\test\java\com\graphhopper\routing\ev\StringEncodedValueTest.java
C:\Users\emman\Desktop\IFT3913\graphhopper\core\src\test\java\com\graphhopper\routing\util\countryrules\CountryRuleTest.java
C:\Users\emman\Desktop\IFT3913\graphhopper\core\src\test\java\com\graphhopper\storage\BaseGraphWithTurnCostsTest.java
C:\Users\emman\Desktop\IFT3913\graphhopper\core\src\test\java\com\graphhopper\routing\ch\EdgeBasedNodeContractorTest.java
C:\Users\emman\Desktop\IFT3913\graphhopper\core\src\test\java\com\graphhopper\routing\util\SlopeCalculatorTest.java
C:\Users\emman\Desktop\IFT3913\graphhopper\core\src\test\java\com\graphhopper\routing\util\parsers\AbstractBikeTagParserTester.java
C:\Users\emman\Desktop\IFT3913\graphhopper\core\src\test\java\com\graphhopper\reader\dem\EdgeElevationInterpolatorTest.java
C:\Users\emman\Desktop\IFT3913\graphhopper\core\src\test\java\com\graphhopper\storage\AbstractGraphStorageTester.java
C:\Users\emman\Desktop\IFT3913\graphhopper\core\src\test\java\com\graphhopper\reader\osm\ReaderElementTest.java
C:\Users\emman\Desktop\IFT3913\graphhopper\core\src\test\java\com\graphhopper\routing\weighting\custom\CustomWeightingHelperTest.java
C:\Users\emman\Desktop\IFT3913\graphhopper\core\src\test\java\com\graphhopper\search\KVStorageTest.java
C:\Users\emman\Desktop\IFT3913\graphhopper\core\src\test\java\com\graphhopper\routing\ev\BooleanEncodedValueTest.java
C:\Users\emman\Desktop\IFT3913\graphhopper\core\src\test\java\com\graphhopper\util\GHUtilityTest.java
C:\Users\emman\Desktop\IFT3913\graphhopper\core\src\test\java\com\graphhopper\routing\CHQueryWithTurnCostsTest.java
C:\Users\emman\Desktop\IFT3913\graphhopper\core\src\test\java\com\graphhopper\routing\util\parsers\OSMHgvParserTest.java
C:\Users\emman\Desktop\IFT3913\graphhopper\core\src\test\java\com\graphhopper\reader\dem\EdgeElevationSmoothingMovingAverageTest.java
C:\Users\emman\Desktop\IFT3913\graphhopper\core\src\test\java\com\graphhopper\routing\util\parsers\OSMHazmatParserTest.java
C:\Users\emman\Desktop\IFT3913\graphhopper\core\src\test\java\com\graphhopper\routing\ch\NodeBasedNodeContractorTest.java
C:\Users\emman\Desktop\IFT3913\graphhopper\core\src\test\java\com\graphhopper\routing\util\parsers\BusCustomModelTest.java
C:\Users\emman\Desktop\IFT3913\graphhopper\core\src\test\java\com\graphhopper\storage\GraphStorageViaMMapTest.java
C:\Users\emman\Desktop\IFT3913\graphhopper\core\src\test\java\com\graphhopper\routing\util\parsers\RacingBikeTagParserTest.java
C:\Users\emman\Desktop\IFT3913\graphhopper\core\src\test\java\com\graphhopper\routing\weighting\custom\CustomWeightingTest.java
C:\Users\emman\Desktop\IFT3913\graphhopper\core\src\test\java\com\graphhopper\routing\DirectedRoutingTest.java
C:\Users\emman\Desktop\IFT3913\graphhopper\core\src\test\java\com\graphhopper\routing\util\parsers\OSMTrackTypeParserTest.java
C:\Users\emman\Desktop\IFT3913\graphhopper\core\src\test\java\com\graphhopper\storage\AbstractLockFactoryTester.java
C:\Users\emman\Desktop\IFT3913\graphhopper\core\src\test\java\com\graphhopper\routing\util\parsers\OSMCrossingParserTest.java
C:\Users\emman\Desktop\IFT3913\graphhopper\core\src\test\java\com\graphhopper\routing\ch\EdgeBasedWitnessPathSearcherTest.java
C:\Users\emman\Desktop\IFT3913\graphhopper\core\src\test\java\com\graphhopper\storage\StorablePropertiesTest.java
C:\Users\emman\Desktop\IFT3913\graphhopper\core\src\test\java\com\graphhopper\routing\util\parsers\HikeCustomModelTest.java
C:\Users\emman\Desktop\IFT3913\graphhopper\core\src\test\java\com\graphhopper\storage\BaseGraphTest.java
C:\Users\emman\Desktop\IFT3913\graphhopper\core\src\test\java\com\graphhopper\routing\CustomizableConditionalRestrictionsTest.java
C:\Users\emman\Desktop\IFT3913\graphhopper\core\src\test\java\com\graphhopper\reader\dem\SRTMGL1ProviderTest.java
C:\Users\emman\Desktop\IFT3913\graphhopper\core\src\test\java\com\graphhopper\routing\RoutingAlgorithmTest.java
C:\Users\emman\Desktop\IFT3913\graphhopper\core\src\test\java\com\graphhopper\GraphHopperTest.java
C:\Users\emman\Desktop\IFT3913\graphhopper\core\src\test\java\com\graphhopper\routing\util\parsers\MaxWeightExceptParserTest.java
C:\Users\emman\Desktop\IFT3913\graphhopper\core\src\test\java\com\graphhopper\routing\weighting\custom\CustomModelParserTest.java
C:\Users\emman\Desktop\IFT3913\graphhopper\core\src\test\java\com\graphhopper\storage\VLongStorageTest.java
C:\Users\emman\Desktop\IFT3913\graphhopper\core\src\test\java\com\graphhopper\util\PathSimplificationTest.java
C:\Users\emman\Desktop\IFT3913\graphhopper\core\src\test\java\com\graphhopper\routing\RandomCHRoutingTest.java
C:\Users\emman\Desktop\IFT3913\graphhopper\core\src\test\java\com\graphhopper\coll\GHTBitSetTest.java
C:\Users\emman\Desktop\IFT3913\graphhopper\core\src\test\java\com\graphhopper\routing\weighting\custom\ValueExpressionVisitorTest.java
C:\Users\emman\Desktop\IFT3913\graphhopper\core\src\test\java\com\graphhopper\routing\util\FerrySpeedCalculatorTest.java
C:\Users\emman\Desktop\IFT3913\graphhopper\core\src\test\java\com\graphhopper\util\RamerDouglasPeuckerTest.java
C:\Users\emman\Desktop\IFT3913\graphhopper\core\src\test\java\com\graphhopper\routing\ch\CHTurnCostTest.java
C:\Users\emman\Desktop\IFT3913\graphhopper\core\src\test\java\com\graphhopper\routing\lm\LandmarkStorageTest.java
C:\Users\emman\Desktop\IFT3913\graphhopper\core\src\test\java\com\graphhopper\util\PathMergerTest.java
C:\Users\emman\Desktop\IFT3913\graphhopper\core\src\test\java\com\graphhopper\routing\subnetwork\EdgeBasedTarjanSCCTest.java
C:\Users\emman\Desktop\IFT3913\graphhopper\core\src\test\java\com\graphhopper\routing\subnetwork\PrepareRoutingSubnetworksTest.java
C:\Users\emman\Desktop\IFT3913\graphhopper\core\src\test\java\com\graphhopper\routing\util\AreaIndexTest.java
C:\Users\emman\Desktop\IFT3913\graphhopper\core\src\test\java\com\graphhopper\GraphHopperProfileTest.java
C:\Users\emman\Desktop\IFT3913\graphhopper\core\src\test\java\com\graphhopper\routing\AlternativeRouteTest.java
C:\Users\emman\Desktop\IFT3913\graphhopper\core\src\test\java\com\graphhopper\routing\ev\DecimalEncodedValueImplTest.java
C:\Users\emman\Desktop\IFT3913\graphhopper\core\src\test\java\com\graphhopper\routing\subnetwork\SubnetworkStorageTest.java
C:\Users\emman\Desktop\IFT3913\graphhopper\core\src\test\java\com\graphhopper\routing\weighting\WeightingTest.java
C:\Users\emman\Desktop\IFT3913\graphhopper\core\src\test\java\com\graphhopper\reader\dem\ElevationInterpolatorTest.java
C:\Users\emman\Desktop\IFT3913\graphhopper\core\src\test\java\com\graphhopper\routing\util\HeadingEdgeFilterTest.java
C:\Users\emman\Desktop\IFT3913\graphhopper\core\src\test\java\com\graphhopper\routing\util\parsers\OSMLanesParserTest.java
C:\Users\emman\Desktop\IFT3913\graphhopper\core\src\test\java\com\graphhopper\storage\RAMDataAccessTest.java
C:\Users\emman\Desktop\IFT3913\graphhopper\core\src\test\java\com\graphhopper\storage\NativeFSLockFactoryTest.java
C:\Users\emman\Desktop\IFT3913\graphhopper\core\src\test\java\com\graphhopper\util\shapes\PolygonTest.java
C:\Users\emman\Desktop\IFT3913\graphhopper\core\src\test\java\com\graphhopper\util\BitUtilTest.java
C:\Users\emman\Desktop\IFT3913\graphhopper\core\src\test\java\com\graphhopper\util\InstructionListTest.java
C:\Users\emman\Desktop\IFT3913\graphhopper\core\src\test\java\com\graphhopper\routing\HeadingRoutingTest.java
C:\Users\emman\Desktop\IFT3913\graphhopper\core\src\test\java\com\graphhopper\storage\MMapDirectoryTest.java
C:\Users\emman\Desktop\IFT3913\graphhopper\core\src\test\java\com\graphhopper\storage\ShortcutUnpackerTest.java
C:\Users\emman\Desktop\IFT3913\graphhopper\core\src\test\java\com\graphhopper\reader\dem\TunnelElevationInterpolatorTest.java
C:\Users\emman\Desktop\IFT3913\graphhopper\core\src\test\java\com\graphhopper\reader\osm\ExtractMembersTest.java
C:\Users\emman\Desktop\IFT3913\graphhopper\core\src\test\java\com\graphhopper\routing\lm\LMPreparationHandlerTest.java
C:\Users\emman\Desktop\IFT3913\graphhopper\core\src\test\java\com\graphhopper\reader\dem\HeightTileTest.java
C:\Users\emman\Desktop\IFT3913\graphhopper\core\src\test\java\com\graphhopper\routing\ch\OnFlyStatisticsCalculatorTest.java
C:\Users\emman\Desktop\IFT3913\graphhopper\core\src\test\java\com\graphhopper\routing\lm\LMApproximatorTest.java
C:\Users\emman\Desktop\IFT3913\graphhopper\core\src\test\java\com\graphhopper\storage\TurnCostStorageTest.java
C:\Users\emman\Desktop\IFT3913\graphhopper\core\src\test\java\com\graphhopper\util\DepthFirstSearchTest.java
C:\Users\emman\Desktop\IFT3913\graphhopper\core\src\test\java\com\graphhopper\routing\DijkstraOneToManyTest.java
C:\Users\emman\Desktop\IFT3913\graphhopper\core\src\test\java\com\graphhopper\coll\AbstractMyBitSetTest.java
C:\Users\emman\Desktop\IFT3913\graphhopper\core\src\test\java\com\graphhopper\util\BreadthFirstSearchTest.java
C:\Users\emman\Desktop\IFT3913\graphhopper\core\src\test\java\com\graphhopper\util\DistanceCalcEuclideanTest.java
C:\Users\emman\Desktop\IFT3913\graphhopper\core\src\test\java\com\graphhopper\util\ArrayUtilTest.java
C:\Users\emman\Desktop\IFT3913\graphhopper\core\src\test\java\com\graphhopper\util\UnzipperTest.java
