com\graphhopper\reader\dem\EdgeElevationInterpolator.class
com\graphhopper\routing\weighting\custom\ConditionalExpressionVisitor.class
com\graphhopper\routing\util\parsers\ModeAccessParser.class
com\graphhopper\storage\index\LineIntIndex$1.class
com\graphhopper\util\shapes\Circle.class
com\graphhopper\routing\ev\ImportUnitSorter.class
com\graphhopper\routing\ch\PrepareGraphOrigEdgeIterator.class
com\graphhopper\coll\GHBitSet.class
com\graphhopper\routing\ev\OSMWayID.class
com\graphhopper\storage\RAMDirectory.class
com\graphhopper\reader\ReaderRelation.class
com\graphhopper\routing\util\parsers\CarAccessParser.class
com\graphhopper\routing\ev\GetOffBike.class
com\graphhopper\storage\GHNodeAccess.class
com\graphhopper\storage\IntsRef.class
com\graphhopper\util\shapes\Polygon.class
com\graphhopper\routing\ev\VehiclePriority.class
com\graphhopper\reader\osm\pbf\PbfBlobDecoderListener.class
com\graphhopper\routing\ev\VehicleAccess.class
com\graphhopper\util\PathSimplification$3.class
com\graphhopper\routing\Path$1.class
com\graphhopper\routing\querygraph\QueryGraph$1.class
com\graphhopper\routing\weighting\BeelineWeightApproximator.class
com\graphhopper\coll\GHBitSetImpl.class
com\graphhopper\GraphHopper.class
com\graphhopper\routing\DijkstraBidirectionCH.class
com\graphhopper\routing\util\parsers\OSMMaxSpeedParser.class
com\graphhopper\routing\ch\EdgeBasedNodeContractor.class
com\graphhopper\routing\util\TraversalMode.class
com\graphhopper\routing\util\HeadingEdgeFilter.class
com\graphhopper\reader\dem\SRTMGL1Provider.class
com\graphhopper\util\PathSimplification$Interval.class
com\graphhopper\util\shapes\BBox.class
com\graphhopper\routing\util\parsers\OSMMtbRatingParser.class
com\graphhopper\routing\util\parsers\OSMHazmatParser.class
com\graphhopper\storage\SimpleFSLockFactory$SimpleLock.class
com\graphhopper\storage\index\LocationIndex$TileFilter.class
com\graphhopper\reader\osm\conditional\ConditionalValueParser.class
com\graphhopper\routing\ViaRouting$Result.class
com\graphhopper\reader\osm\OSMReader.class
com\graphhopper\routing\querygraph\VirtualEdgeIteratorState.class
com\graphhopper\routing\util\parsers\OSMBikeNetworkTagParser.class
com\graphhopper\routing\ev\MaxWeightExcept.class
com\graphhopper\routing\ch\EdgeBasedNodeContractor$PrepareShortcutHandler.class
com\graphhopper\storage\LockFactory.class
com\graphhopper\routing\AbstractBidirAlgo.class
com\graphhopper\util\EdgeIterator$Edge.class
com\graphhopper\util\PathMerger.class
com\graphhopper\routing\util\parsers\OrientationCalculator.class
com\graphhopper\routing\ch\CHPreparationGraph.class
com\graphhopper\reader\osm\OSMRestrictionConverter.class
com\graphhopper\routing\ev\HorseRating.class
com\graphhopper\routing\util\CurvatureCalculator.class
com\graphhopper\reader\dem\TileBasedElevationProvider.class
com\graphhopper\reader\dem\HGTProvider.class
com\graphhopper\util\EdgeIterator.class
com\graphhopper\routing\util\parsers\OSMRoadClassParser.class
com\graphhopper\routing\RoutingAlgorithmFactory.class
com\graphhopper\coll\GHIntLongHashMap.class
com\graphhopper\util\details\PathDetailsBuilderFactory.class
com\graphhopper\routing\DirectionResolverResult.class
com\graphhopper\isochrone\algorithm\ShortestPathTree$IsoLabel.class
com\graphhopper\util\EdgeIteratorState$1.class
com\graphhopper\storage\Directory.class
com\graphhopper\reader\dem\ElevationProvider.class
com\graphhopper\routing\ch\CHPreparationGraph$TurnCostFunction.class
com\graphhopper\routing\weighting\SpeedWeighting.class
com\graphhopper\routing\ev\Hgv.class
com\graphhopper\config\CHProfile.class
com\graphhopper\routing\InstructionsHelper.class
com\graphhopper\routing\weighting\Weighting.class
com\graphhopper\routing\util\countryrules\europe\AustriaCountryRule.class
com\graphhopper\storage\DAType.class
com\graphhopper\routing\lm\LandmarkStorage$LandmarkExplorer.class
com\graphhopper\routing\lm\LMApproximator$1.class
com\graphhopper\routing\lm\LandmarkSuggestion.class
com\graphhopper\reader\osm\conditional\ParsedCalendar$ParseType.class
com\graphhopper\routing\util\parsers\OSMTollParser$1.class
com\graphhopper\routing\weighting\DefaultTurnCostProvider.class
com\graphhopper\reader\osm\pbf\PbfBlobDecoder.class
com\graphhopper\routing\lm\PerfectApproximator.class
com\graphhopper\routing\ev\FerrySpeed.class
com\graphhopper\routing\querygraph\QueryRoutingCHGraph$2.class
com\graphhopper\routing\ch\NodeOrderingProvider$2.class
com\graphhopper\routing\Router.class
com\graphhopper\routing\AStarBidirection.class
com\graphhopper\routing\util\parsers\OSMHgvParser.class
com\graphhopper\routing\util\MaxSpeedCalculator$SpeedLimitsJson.class
com\graphhopper\routing\util\parsers\OSMFootNetworkTagParser.class
com\graphhopper\routing\util\parsers\RelationTagParser.class
com\graphhopper\routing\ev\ArrayEdgeIntAccess.class
com\graphhopper\routing\Router$Solver.class
com\graphhopper\reader\osm\RestrictionTopology.class
com\graphhopper\routing\util\parsers\DefaultMaxSpeedParser$1.class
com\graphhopper\storage\index\Snap$Position.class
com\graphhopper\storage\RAMDataAccess.class
com\graphhopper\storage\AbstractDataAccess.class
com\graphhopper\storage\index\InMemConstructionIndex$InMemEntry.class
com\graphhopper\routing\ch\NodeBasedNodeContractor$Shortcut.class
com\graphhopper\storage\Storable.class
com\graphhopper\routing\ch\NodeBasedNodeContractor$Params.class
com\graphhopper\routing\ev\HovAccess.class
com\graphhopper\routing\util\EncodingManager.class
com\graphhopper\storage\Graph.class
com\graphhopper\routing\querygraph\QueryRoutingCHGraph$VirtualCHEdgeIteratorState.class
com\graphhopper\storage\TurnCostStorage$Iterator.class
com\graphhopper\storage\NativeFSLockFactory.class
com\graphhopper\routing\ev\RoadClass.class
com\graphhopper\routing\util\UrbanDensityCalculator.class
com\graphhopper\routing\BidirPathExtractor.class
com\graphhopper\routing\weighting\custom\CustomWeighting$Parameters.class
com\graphhopper\util\details\AverageSpeedDetails.class
com\graphhopper\storage\BaseGraph$AllEdgeIterator.class
com\graphhopper\routing\util\AccessFilter.class
com\graphhopper\routing\util\AreaIndex.class
com\graphhopper\routing\util\countryrules\CountryRule.class
com\graphhopper\reader\osm\WaySegmentParser$ReaderElementHandler.class
com\graphhopper\routing\util\parsers\MountainBikeAccessParser.class
com\graphhopper\routing\SPTEntry.class
com\graphhopper\routing\ev\FootNetwork.class
com\graphhopper\routing\AbstractBidirCHAlgo$CHLevelEdgeFilter.class
com\graphhopper\routing\util\SnapPreventionEdgeFilter.class
com\graphhopper\search\KVStorage.class
com\graphhopper\routing\util\parsers\OSMGetOffBikeParser.class
com\graphhopper\routing\util\parsers\OSMHazmatWaterParser.class
com\graphhopper\routing\CHPathCalculator.class
com\graphhopper\routing\querygraph\QueryRoutingCHGraph$VirtualCHEdgeIterator.class
com\graphhopper\routing\weighting\custom\FindMinMax.class
com\graphhopper\routing\weighting\WeightApproximator.class
com\graphhopper\util\shapes\Shape.class
com\graphhopper\routing\util\countryrules\CountryRuleFactory.class
com\graphhopper\storage\index\LocationIndex.class
com\graphhopper\routing\FlexiblePathCalculator.class
com\graphhopper\routing\AlternativeRoute$1.class
com\graphhopper\routing\EdgeToEdgeRoutingAlgorithm.class
com\graphhopper\reader\dem\ElevationInterpolator.class
com\graphhopper\routing\lm\LMConfig.class
com\graphhopper\storage\TurnCostStorage$1.class
com\graphhopper\routing\ev\MaxSlope.class
com\graphhopper\routing\util\parsers\BikeAccessParser.class
com\graphhopper\routing\util\parsers\RestrictionSetter$Restriction.class
com\graphhopper\routing\ch\CHEntry.class
com\graphhopper\reader\osm\RestrictionTagParser$Result.class
com\graphhopper\reader\dem\MultiSourceElevationProvider.class
com\graphhopper\routing\util\parsers\OSMTrackTypeParser.class
com\graphhopper\search\KVStorage$KValue.class
com\graphhopper\storage\index\LineIntIndex.class
com\graphhopper\routing\util\parsers\DefaultMaxSpeedParser.class
com\graphhopper\reader\osm\WaySegmentParser$Pass2Handler.class
com\graphhopper\routing\util\countryrules\europe\HungaryCountryRule.class
com\graphhopper\storage\index\InMemConstructionIndex$InMemTreeEntry.class
com\graphhopper\reader\osm\PillarInfo.class
com\graphhopper\isochrone\algorithm\QuadEdgeAsReadableQuadEdge.class
com\graphhopper\routing\subnetwork\EdgeBasedTarjanSCC$State.class
com\graphhopper\routing\PathExtractor.class
com\graphhopper\reader\osm\WaySegmentParser$NodeTagSupplier.class
com\graphhopper\routing\util\FiniteWeightFilter.class
com\graphhopper\routing\querygraph\QueryOverlayBuilder$1$1.class
com\graphhopper\routing\util\parsers\FootAverageSpeedParser.class
com\graphhopper\util\EdgeExplorer.class
com\graphhopper\routing\util\MaxSpeedCalculator$1.class
com\graphhopper\routing\util\parsers\MountainBikePriorityParser.class
com\graphhopper\routing\ev\IntEncodedValueImpl.class
com\graphhopper\routing\ev\ImportRegistry.class
com\graphhopper\reader\osm\OSMXMLHelper.class
com\graphhopper\routing\lm\LMApproximator.class
com\graphhopper\reader\osm\OSMReaderUtility.class
com\graphhopper\util\details\BooleanDetails.class
com\graphhopper\reader\osm\WayToEdgesMap.class
com\graphhopper\routing\ch\PrepareContractionHierarchies$Result.class
com\graphhopper\routing\ev\TrackType.class
com\graphhopper\routing\querygraph\QueryRoutingCHGraph.class
com\graphhopper\reader\osm\conditional\ParsedCalendar.class
com\graphhopper\storage\CHStorage$LowWeightShortcut.class
com\graphhopper\storage\RoutingCHEdgeIteratorState.class
com\graphhopper\routing\util\parsers\RacingBikeAverageSpeedParser.class
com\graphhopper\routing\DirectionResolver.class
com\graphhopper\routing\util\parsers\CountryParser.class
com\graphhopper\routing\EdgeRestrictions.class
com\graphhopper\reader\osm\WayToEdgesMap$1.class
com\graphhopper\routing\util\DefaultSnapFilter.class
com\graphhopper\util\details\DistanceDetails.class
com\graphhopper\routing\ev\MaxWidth.class
com\graphhopper\routing\util\parsers\BikeNetworkParserHelper.class
com\graphhopper\routing\subnetwork\EdgeBasedTarjanSCC$TarjanIntSet.class
com\graphhopper\routing\RoundTripRouting.class
com\graphhopper\routing\util\parsers\RestrictionSetter$InternalRestriction.class
com\graphhopper\util\EdgeIteratorState.class
com\graphhopper\routing\util\parsers\RestrictionSetter.class
com\graphhopper\storage\RAMIntDataAccess.class
com\graphhopper\storage\index\InMemConstructionIndex$InMemLeafEntry.class
com\graphhopper\reader\osm\SegmentNode.class
com\graphhopper\routing\weighting\BalancedWeightApproximator.class
com\graphhopper\routing\lm\PrepareLandmarks.class
com\graphhopper\routing\util\parsers\OSMHikeRatingParser.class
com\graphhopper\routing\ch\ShortcutUnpacker$Visitor.class
com\graphhopper\routing\Path$EdgeVisitor.class
com\graphhopper\reader\osm\pbf\PbfDecoder$1.class
com\graphhopper\storage\TurnCostStorage.class
com\graphhopper\isochrone\algorithm\Triangulator.class
com\graphhopper\routing\util\parsers\OSMMtbNetworkTagParser.class
com\graphhopper\routing\Router$LMSolver.class
com\graphhopper\storage\NativeFSLockFactory$NativeLock.class
com\graphhopper\util\XFirstSearch.class
com\graphhopper\routing\DirectionResolver$Edge.class
com\graphhopper\routing\ch\PrepareContractionHierarchies.class
com\graphhopper\routing\lm\LandmarkStorage.class
com\graphhopper\routing\subnetwork\EdgeBasedTarjanSCC$TarjanHashIntIntMap.class
com\graphhopper\routing\util\parsers\DefaultMaxSpeedParser$Result.class
com\graphhopper\util\FetchMode.class
com\graphhopper\routing\ev\Orientation.class
com\graphhopper\routing\weighting\custom\CustomWeightingHelper.class
com\graphhopper\reader\osm\WaySegmentParser$Builder.class
com\graphhopper\routing\Path$3.class
com\graphhopper\coll\GHIntObjectHashMap.class
com\graphhopper\storage\ExtendedNodeAccess.class
com\graphhopper\routing\util\parsers\FootAccessParser.class
com\graphhopper\config\Profile.class
com\graphhopper\routing\AStarBidirectionEdgeCHNoSOD.class
com\graphhopper\routing\RoundTripRouting$RoundTripCalculator.class
com\graphhopper\routing\querygraph\QueryOverlay.class
com\graphhopper\routing\util\WayAccess.class
com\graphhopper\util\BreadthFirstSearch.class
com\graphhopper\routing\ch\EdgeBasedWitnessPathSearcher.class
com\graphhopper\routing\weighting\TurnCostProvider.class
com\graphhopper\routing\weighting\TurnCostProvider$1.class
com\graphhopper\reader\osm\WaySegmentParser$Pass1Handler.class
com\graphhopper\reader\osm\pbf\PbfDecoder.class
com\graphhopper\routing\ch\PrepareGraphEdgeExplorer.class
com\graphhopper\storage\BaseGraph$EdgeIteratorImpl.class
com\graphhopper\storage\index\LocationIndex$Visitor.class
com\graphhopper\routing\ev\UrbanDensity.class
com\graphhopper\geohash\SpatialKeyAlgo.class
com\graphhopper\storage\index\Snap.class
com\graphhopper\storage\RoutingCHEdgeIterator.class
com\graphhopper\routing\ch\PrepareEncoder.class
com\graphhopper\storage\DataAccess.class
com\graphhopper\storage\BaseGraph$Builder.class
com\graphhopper\util\details\EdgeIdDetails.class
com\graphhopper\routing\ev\MaxAxleLoad.class
com\graphhopper\reader\osm\WaySegmentParser$CoordinateSupplier.class
com\graphhopper\storage\BaseGraph.class
com\graphhopper\reader\osm\WayToEdgeConverter$NodeResult.class
com\graphhopper\util\details\PathDetailsFromEdges.class
com\graphhopper\routing\AbstractNonCHBidirAlgo.class
com\graphhopper\routing\util\parsers\RacingBikePriorityParser.class
com\graphhopper\routing\util\TransportationMode.class
com\graphhopper\reader\osm\OSMInputFile.class
com\graphhopper\util\TranslationMap$TranslationHashMap.class
com\graphhopper\routing\ev\FootTemporalAccess.class
com\graphhopper\routing\ev\MaxHeight.class
com\graphhopper\routing\ch\NodeOrderingProvider.class
com\graphhopper\routing\ev\AverageSlope.class
com\graphhopper\reader\dem\HeightTile.class
com\graphhopper\routing\DijkstraBidirectionRef.class
com\graphhopper\routing\lm\LandmarkStorage$LandmarkExplorer$1.class
com\graphhopper\storage\StorableProperties.class
com\graphhopper\reader\osm\pbf\Sink.class
com\graphhopper\routing\ev\Curvature.class
com\graphhopper\routing\ev\HikeRating.class
com\graphhopper\reader\dem\AbstractTiffElevationProvider.class
com\graphhopper\routing\InstructionsFromEdges.class
com\graphhopper\routing\weighting\SpeedWeighting$1.class
com\graphhopper\routing\ev\StringEncodedValue.class
com\graphhopper\routing\ev\Roundabout.class
com\graphhopper\routing\ch\BridgePathFinder.class
com\graphhopper\util\Constants.class
com\graphhopper\routing\util\tour\SinglePointTour.class
com\graphhopper\routing\weighting\custom\NameValidator.class
com\graphhopper\coll\GHLongObjectHashMap.class
com\graphhopper\routing\ev\MaxWeight.class
com\graphhopper\debatty\java\stringsimilarity\JaroWinkler.class
com\graphhopper\routing\ch\CHPreparationGraph$OrigGraph$Builder.class
com\graphhopper\routing\ViaRouting.class
com\graphhopper\routing\AlgorithmOptions.class
com\graphhopper\routing\util\parsers\OSMMaxWeightParser.class
com\graphhopper\routing\ch\EdgeBasedWitnessPathSearcher$Stats.class
com\graphhopper\coll\GHTBitSet.class
com\graphhopper\util\MiniPerfTest$Task.class
com\graphhopper\routing\lm\SplitArea.class
com\graphhopper\routing\subnetwork\EdgeBasedTarjanSCC$TarjanHashIntSet.class
com\graphhopper\util\DepthFirstSearch.class
com\graphhopper\util\StopWatch.class
com\graphhopper\isochrone\algorithm\JTSTriangulator.class
com\graphhopper\routing\util\parsers\OSMCrossingParser.class
com\graphhopper\routing\util\parsers\OSMLanesParser.class
com\graphhopper\routing\ev\Smoothness.class
com\graphhopper\routing\DijkstraBidirectionCHNoSOD.class
com\graphhopper\coll\GHIntHashSet.class
com\graphhopper\routing\ev\Lanes.class
com\graphhopper\reader\osm\OSMRestrictionException.class
com\graphhopper\routing\Path$2.class
com\graphhopper\coll\GHLongLongBTree.class
com\graphhopper\routing\util\PriorityCode.class
com\graphhopper\storage\RoutingCHEdgeIteratorStateImpl.class
com\graphhopper\reader\dem\EdgeSampling.class
com\graphhopper\reader\dem\EdgeElevationInterpolator$1.class
com\graphhopper\routing\ev\BikeTemporalAccess.class
com\graphhopper\util\GHUtility.class
com\graphhopper\routing\ev\BooleanEncodedValue.class
com\graphhopper\storage\MMapDirectory.class
com\graphhopper\isochrone\algorithm\ContourBuilder.class
com\graphhopper\routing\querygraph\QueryGraph$2.class
com\graphhopper\routing\AlternativeRouteCH.class
com\graphhopper\routing\WeightingFactory.class
com\graphhopper\routing\util\parsers\BikeCommonAverageSpeedParser.class
com\graphhopper\storage\index\IndexStructureInfo.class
com\graphhopper\reader\osm\Pair.class
com\graphhopper\routing\DijkstraBidirectionEdgeCHNoSOD.class
com\graphhopper\routing\RoundTripRouting$Params.class
com\graphhopper\util\PathSimplification$1.class
com\graphhopper\isochrone\algorithm\ReadableQuadEdge.class
com\graphhopper\routing\util\parsers\OSMMaxHeightParser.class
com\graphhopper\util\details\StringDetails.class
com\graphhopper\reader\osm\WaySegmentParser$WayPreprocessor.class
com\graphhopper\routing\ch\CHPreparationGraph$PrepareBaseEdge.class
com\graphhopper\routing\AlternativeRouteEdgeCH.class
com\graphhopper\reader\osm\conditional\DateRange.class
com\graphhopper\routing\weighting\custom\CustomWeighting$EdgeToDoubleMapping.class
com\graphhopper\util\DistancePlaneProjection.class
com\graphhopper\routing\util\parsers\BikeAverageSpeedParser.class
com\graphhopper\routing\util\parsers\OSMRoadEnvironmentParser.class
com\graphhopper\util\MiniPerfTest.class
com\graphhopper\util\PathSimplification$2.class
com\graphhopper\reader\osm\OSMNodeData.class
com\graphhopper\util\details\EnumDetails.class
com\graphhopper\routing\util\MaxSpeedCalculator$RoadTypeFilterImpl.class
com\graphhopper\reader\osm\pbf\PbfStreamSplitter.class
com\graphhopper\routing\ev\RouteNetwork.class
com\graphhopper\reader\osm\OSMFileHeader.class
com\graphhopper\routing\RoundTripRouting$Result.class
com\graphhopper\routing\OSMReaderConfig.class
com\graphhopper\routing\ev\MaxLength.class
com\graphhopper\routing\util\parsers\OSMMaxLengthParser.class
com\graphhopper\routing\ch\CHRoutingAlgorithmFactory.class
com\graphhopper\routing\Dijkstra.class
com\graphhopper\routing\lm\LandmarkStorage$LandmarkExplorer$2.class
com\graphhopper\routing\AStar$AStarEntry.class
com\graphhopper\routing\util\parsers\BikePriorityParser.class
com\graphhopper\routing\ev\EncodedValue.class
com\graphhopper\reader\osm\RestrictionTagParser.class
com\graphhopper\routing\ev\SimpleBooleanEncodedValue.class
com\graphhopper\routing\util\parsers\OSMHorseRatingParser.class
com\graphhopper\routing\ev\MaxSpeed.class
com\graphhopper\routing\AlternativeRouteCH$AlternativeInfo.class
com\graphhopper\routing\querygraph\QueryOverlayBuilder$1.class
com\graphhopper\util\ArrayUtil.class
com\graphhopper\routing\util\NameSimilarityEdgeFilter$1.class
com\graphhopper\util\details\PathDetailsBuilder.class
com\graphhopper\routing\util\OSMParsers.class
com\graphhopper\reader\dem\GMTEDProvider.class
com\graphhopper\routing\lm\LMPreparationHandler.class
com\graphhopper\routing\ch\PrepareCHEntry.class
com\graphhopper\routing\ev\Hazmat.class
com\graphhopper\util\DistanceCalcEarth.class
com\graphhopper\reader\osm\RestrictionType.class
com\graphhopper\routing\ev\EncodedValue$InitializerConfig.class
com\graphhopper\routing\util\countryrules\europe\GermanyCountryRule$1.class
com\graphhopper\routing\ev\MtbNetwork.class
com\graphhopper\routing\ev\Footway.class
com\graphhopper\routing\ch\CHPreparationGraph$OrigGraph.class
com\graphhopper\routing\subnetwork\EdgeBasedTarjanSCC$ConnectedComponents.class
com\graphhopper\util\EdgeIteratorState$2.class
com\graphhopper\routing\AlternativeRoute.class
com\graphhopper\routing\AbstractBidirectionEdgeCHNoSOD.class
com\graphhopper\routing\util\DirectedEdgeFilter.class
com\graphhopper\reader\dem\CGIARProvider.class
com\graphhopper\routing\util\parsers\FootPriorityParser.class
com\graphhopper\routing\DijkstraOneToMany.class
com\graphhopper\util\BodyAndStatus.class
com\graphhopper\util\details\IntersectionDetails.class
com\graphhopper\routing\AlternativeRoute$1$1.class
com\graphhopper\routing\ch\NodeOrderingProvider$1.class
com\graphhopper\routing\ev\Crossing.class
com\graphhopper\reader\osm\conditional\DateRangeParser.class
com\graphhopper\routing\ev\Toll.class
com\graphhopper\routing\util\parsers\BikeCommonPriorityParser.class
com\graphhopper\storage\BaseGraph$1.class
com\graphhopper\routing\util\parsers\OSMTemporalAccessParser.class
com\graphhopper\isochrone\algorithm\ReadableTriangulation.class
com\graphhopper\storage\CHEdgeFilter.class
com\graphhopper\coll\LongLongMap.class
com\graphhopper\routing\util\parsers\RacingBikeAccessParser.class
com\graphhopper\storage\SimpleFSLockFactory.class
com\graphhopper\util\details\DecimalDetails.class
com\graphhopper\reader\osm\pbf\PbfFieldDecoder.class
com\graphhopper\routing\ch\NodeBasedNodeContractor.class
com\graphhopper\routing\ev\IntEncodedValue.class
com\graphhopper\reader\osm\pbf\PbfReader.class
com\graphhopper\routing\ev\State.class
com\graphhopper\routing\DefaultWeightingFactory.class
com\graphhopper\routing\ch\AStarCHEntry.class
com\graphhopper\coll\GHObjectIntHashMap.class
com\graphhopper\storage\GHLock.class
com\graphhopper\storage\VLongStorage.class
com\graphhopper\routing\util\parsers\OSMWayIDParser.class
com\graphhopper\reader\osm\WaySegmentParser.class
com\graphhopper\routing\DijkstraOneToMany$IntArrayListWithCap.class
com\graphhopper\routing\ev\TurnCost.class
com\graphhopper\coll\MapEntry.class
com\graphhopper\coll\MinHeapWithUpdate.class
com\graphhopper\util\details\KVStringDetails.class
com\graphhopper\routing\util\parsers\OSMRoadClassLinkParser.class
com\graphhopper\routing\AlternativeRoute$AlternativeInfo.class
com\graphhopper\routing\weighting\custom\CustomWeighting.class
com\graphhopper\util\details\EdgeKeyDetails.class
com\graphhopper\routing\AStar.class
com\graphhopper\storage\MMapDataAccess.class
com\graphhopper\reader\dem\SRTMProvider.class
com\graphhopper\routing\subnetwork\TarjanSCC.class
com\graphhopper\util\details\AbstractPathDetailsBuilder.class
com\graphhopper\routing\ev\EncodedValueSerializer.class
com\graphhopper\util\PathSimplification.class
com\graphhopper\routing\HeadingResolver.class
com\graphhopper\routing\ch\EdgeBasedNodeContractor$Params.class
com\graphhopper\routing\ev\MaxSpeedEstimated.class
com\graphhopper\storage\index\LocationIndex$1.class
com\graphhopper\routing\AlternativeRouteEdgeCH$AlternativeInfo.class
com\graphhopper\util\details\IntersectionValues.class
com\graphhopper\routing\util\parsers\OSMRoundaboutParser.class
com\graphhopper\routing\MultiplePointsNotFoundException.class
com\graphhopper\coll\GHLongLongBTree$BTreeEntry.class
com\graphhopper\routing\util\parsers\OSMTemporalAccessParser$Setter.class
com\graphhopper\routing\weighting\custom\ValueExpressionVisitor.class
com\graphhopper\routing\ev\FootRoadAccess.class
com\graphhopper\isochrone\algorithm\ShortestPathTree.class
com\graphhopper\routing\util\parsers\OSMMaxAxleLoadParser.class
com\graphhopper\reader\ReaderRelation$Member.class
com\graphhopper\storage\index\InMemConstructionIndex.class
com\graphhopper\routing\util\AreaIndex$IndexedCustomArea.class
com\graphhopper\routing\ev\MtbRating.class
com\graphhopper\routing\querygraph\VirtualEdgeIterator.class
com\graphhopper\reader\osm\WaySegmentParser$EdgeHandler.class
com\graphhopper\reader\osm\WayToEdgeConverter$EdgeResult.class
com\graphhopper\routing\ev\BikeNetwork.class
com\graphhopper\routing\ev\EnumEncodedValue.class
com\graphhopper\storage\NodeAccess.class
com\graphhopper\reader\ReaderElement.class
com\graphhopper\routing\weighting\QueryGraphWeighting$Result.class
com\graphhopper\routing\InstructionsOutgoingEdges.class
com\graphhopper\util\Instructions.class
com\graphhopper\routing\ev\DecimalEncodedValue.class
com\graphhopper\routing\util\parsers\AbstractAverageSpeedParser.class
com\graphhopper\util\details\WeightDetails.class
com\graphhopper\util\PathSimplification$Partition.class
com\graphhopper\routing\ev\RoadClassLink.class
com\graphhopper\routing\AlternativeRouteCH$PotentialAlternativeInfo.class
com\graphhopper\storage\BaseGraph$EdgeIteratorStateImpl.class
com\graphhopper\routing\weighting\custom\ValueExpressionVisitor$NoArgEvaluator.class
com\graphhopper\storage\DAType$MemRef.class
com\graphhopper\routing\ch\CHPreparationGraph$PrepareShortcut.class
com\graphhopper\util\GitInfo.class
com\graphhopper\routing\ch\NodeBasedWitnessPathSearcher.class
com\graphhopper\storage\RoutingCHEdgeIteratorImpl.class
com\graphhopper\storage\index\LocationIndexTree.class
com\graphhopper\routing\AbstractBidirCHAlgo.class
com\graphhopper\routing\subnetwork\EdgeBasedTarjanSCC$TarjanArrayIntIntMap.class
com\graphhopper\routing\util\EdgeFilter.class
com\graphhopper\routing\util\MaxSpeedCalculator$RoadTypeImpl.class
com\graphhopper\apache\commons\collections\IntFloatBinaryHeap.class
com\graphhopper\routing\util\parsers\TagParser.class
com\graphhopper\GraphHopperConfig.class
com\graphhopper\config\LMProfile.class
com\graphhopper\routing\weighting\custom\ParseResult.class
com\graphhopper\routing\subnetwork\EdgeBasedTarjanSCC$EdgeTransitionFilter.class
com\graphhopper\routing\util\NameSimilarityEdgeFilter.class
com\graphhopper\routing\ev\CarTemporalAccess.class
com\graphhopper\util\Downloader.class
com\graphhopper\coll\GHLongLongBTree$ReturnValue.class
com\graphhopper\routing\util\parsers\OSMFootwayParser.class
com\graphhopper\reader\dem\EdgeElevationSmoothingMovingAverage.class
com\graphhopper\routing\ev\EncodedValueLookup.class
com\graphhopper\routing\ev\HazmatWater.class
com\graphhopper\routing\ev\VehicleSpeed.class
com\graphhopper\reader\osm\OSMInput.class
com\graphhopper\routing\util\parsers\MaxWeightExceptParser.class
com\graphhopper\routing\subnetwork\PrepareRoutingSubnetworks.class
com\graphhopper\routing\ev\RoadAccess.class
com\graphhopper\routing\DefaultBidirPathExtractor.class
com\graphhopper\routing\AbstractRoutingAlgorithm.class
com\graphhopper\util\DistanceCalcEuclidean.class
com\graphhopper\reader\dem\EdgeElevationSmoothingRamer.class
com\graphhopper\routing\ch\ShortcutUnpacker.class
com\graphhopper\routing\weighting\custom\CustomModelParser$2.class
com\graphhopper\routing\PathCalculator.class
com\graphhopper\routing\Router$CHSolver.class
com\graphhopper\routing\ev\TurnRestriction.class
com\graphhopper\routing\ch\EdgeBasedCHBidirPathExtractor.class
com\graphhopper\storage\CHStorage.class
com\graphhopper\routing\lm\LandmarkStorage$1.class
com\graphhopper\routing\subnetwork\EdgeBasedTarjanSCC$TarjanIntIntMap.class
com\graphhopper\routing\querygraph\EdgeChangeBuilder.class
com\graphhopper\routing\util\AreaIndex$Area.class
com\graphhopper\storage\index\PixelGridTraversal.class
com\graphhopper\storage\BaseGraphNodesAndEdges.class
com\graphhopper\storage\index\LocationIndexTree$EdgeCheck.class
com\graphhopper\routing\util\countryrules\europe\AustriaCountryRule$1.class
com\graphhopper\routing\util\countryrules\europe\GermanyCountryRule.class
com\graphhopper\routing\ch\NodeContractor.class
com\graphhopper\reader\ReaderElement$Type.class
com\graphhopper\routing\util\parsers\OSMSmoothnessParser.class
com\graphhopper\util\RamerDouglasPeucker.class
com\graphhopper\routing\ch\CHPreparationGraph$PrepareEdge.class
com\graphhopper\routing\ch\CHPreparationHandler.class
com\graphhopper\routing\Router$FlexSolver.class
com\graphhopper\util\Unzipper.class
com\graphhopper\reader\osm\WaySegmentParser$1.class
com\graphhopper\routing\AlternativeRouteEdgeCH$PotentialAlternativeInfo.class
com\graphhopper\reader\osm\conditional\ConditionalValueParser$ConditionState.class
com\graphhopper\routing\ch\CHParameters.class
com\graphhopper\routing\ch\CHPreparationGraph$EdgeBasedPrepareShortcut.class
com\graphhopper\routing\util\SlopeCalculator.class
com\graphhopper\reader\osm\pbf\PbfBlobResult.class
com\graphhopper\routing\util\tour\TourStrategy.class
com\graphhopper\coll\GHLongLongHashMap.class
com\graphhopper\reader\ReaderNode.class
com\graphhopper\routing\subnetwork\TarjanSCC$ConnectedComponents.class
com\graphhopper\routing\RouterConfig.class
com\graphhopper\routing\util\parsers\OSMTollParser.class
com\graphhopper\routing\util\parsers\BikeCommonAccessParser.class
com\graphhopper\routing\ch\EdgeBasedNodeContractor$Stats.class
com\graphhopper\routing\weighting\custom\CustomWeighting$MaxCalc.class
com\graphhopper\routing\DirectionResolver$Point.class
com\graphhopper\routing\ch\CHPreparationGraph$OrigEdgeIteratorImpl.class
com\graphhopper\reader\osm\Triple.class
com\graphhopper\util\AngleCalc.class
com\graphhopper\util\TranslationMap.class
com\graphhopper\storage\RoutingCHGraph.class
com\graphhopper\routing\Path.class
com\graphhopper\util\DistanceCalc3D.class
com\graphhopper\routing\weighting\QueryGraphWeighting.class
com\graphhopper\routing\lm\LandmarkStorage$2.class
com\graphhopper\routing\util\CustomArea.class
com\graphhopper\routing\ch\CHPreparationGraph$PrepareGraphEdgeExplorerImpl.class
com\graphhopper\routing\util\FerrySpeedCalculator.class
com\graphhopper\routing\util\parsers\helpers\OSMValueExtractor.class
com\graphhopper\routing\RoutingAlgorithm.class
com\graphhopper\routing\subnetwork\EdgeBasedTarjanSCC$TarjanArrayIntSet.class
com\graphhopper\reader\dem\NodeElevationInterpolator.class
com\graphhopper\routing\weighting\custom\ValueExpressionVisitor$SingleArgEvaluator.class
com\graphhopper\routing\lm\LMRoutingAlgorithmFactory.class
com\graphhopper\storage\CHConfig.class
com\graphhopper\routing\AStarBidirectionCH.class
com\graphhopper\isochrone\algorithm\QuadEdgeSubdivisionAsReadableTriangulation.class
com\graphhopper\routing\ch\PrepareContractionHierarchies$Params.class
com\graphhopper\routing\querygraph\QueryRoutingCHGraph$1.class
com\graphhopper\routing\util\parsers\MountainBikeAverageSpeedParser.class
com\graphhopper\routing\RoutingAlgorithmFactorySimple.class
com\graphhopper\routing\subnetwork\TarjanSCC$State.class
com\graphhopper\util\SimpleIntDeque.class
com\graphhopper\routing\subnetwork\PrepareRoutingSubnetworks$PrepareJob.class
com\graphhopper\util\details\TimeDetails.class
com\graphhopper\coll\GHSortedCollection.class
com\graphhopper\routing\ch\NodeBasedNodeContractor$PrepareShortcutHandler.class
com\graphhopper\routing\ch\PrepareGraphOrigEdgeExplorer.class
com\graphhopper\routing\querygraph\QueryGraph.class
com\graphhopper\routing\util\parsers\OSMRoadAccessParser$1.class
com\graphhopper\isochrone\algorithm\TriangulationAsReadableTriangulation.class
com\graphhopper\routing\TestProfiles.class
com\graphhopper\routing\util\parsers\StateParser.class
com\graphhopper\routing\ev\DecimalEncodedValueImpl.class
com\graphhopper\reader\osm\WaySegmentParser$RelationProcessor.class
com\graphhopper\isochrone\algorithm\ShortestPathTree$ExploreType.class
com\graphhopper\reader\dem\AbstractSRTMElevationProvider.class
com\graphhopper\routing\ev\ImportUnit.class
com\graphhopper\routing\util\parsers\OSMSurfaceParser.class
com\graphhopper\routing\querygraph\QueryOverlay$EdgeChanges.class
com\graphhopper\routing\DirectionResolver$AdjacentEdges.class
com\graphhopper\routing\ch\BridgePathFinder$BridePathEntry.class
com\graphhopper\routing\subnetwork\EdgeBasedTarjanSCC.class
com\graphhopper\routing\util\EncodingManager$Builder.class
com\graphhopper\reader\osm\pbf\PbfRawBlob.class
com\graphhopper\storage\RoutingCHGraphImpl.class
com\graphhopper\util\details\ConstantDetailsBuilder.class
com\graphhopper\routing\ev\IntsRefEdgeIntAccess.class
com\graphhopper\storage\GHDirectory.class
com\graphhopper\routing\ev\EdgeIntAccess.class
com\graphhopper\isochrone\algorithm\Triangulation.class
com\graphhopper\reader\dem\ElevationProvider$1.class
com\graphhopper\routing\subnetwork\SubnetworkStorage.class
com\graphhopper\util\details\IntDetails.class
com\graphhopper\routing\ch\NodeBasedCHBidirPathExtractor.class
com\graphhopper\routing\ev\DefaultImportRegistry.class
com\graphhopper\routing\weighting\custom\ClassHelper.class
com\graphhopper\routing\weighting\custom\CustomModelParser.class
com\graphhopper\routing\querygraph\QueryOverlayBuilder.class
com\graphhopper\routing\util\parsers\OSMMaxWidthParser.class
com\graphhopper\routing\ev\HazmatTunnel.class
com\graphhopper\routing\util\parsers\OSMHazmatTunnelParser.class
com\graphhopper\apache\commons\lang3\StringUtils.class
com\graphhopper\routing\ev\ExternalBooleanEncodedValue.class
com\graphhopper\storage\TurnCostStorage$Itr.class
com\graphhopper\routing\util\tour\MultiPointTour.class
com\graphhopper\reader\osm\RestrictionMembers.class
com\graphhopper\routing\ev\Surface.class
com\graphhopper\routing\ev\RoadEnvironment.class
com\graphhopper\util\DistanceCalc.class
com\graphhopper\routing\weighting\custom\CustomModelParser$1.class
com\graphhopper\routing\querygraph\EdgeChangeBuilder$1.class
com\graphhopper\isochrone\algorithm\Triangulator$Result.class
com\graphhopper\reader\ReaderWay.class
com\graphhopper\reader\dem\SkadiProvider.class
com\graphhopper\routing\util\parsers\CarAverageSpeedParser.class
com\graphhopper\routing\util\RoadDensityCalculator.class
com\graphhopper\routing\weighting\AbstractAdjustedWeighting.class
com\graphhopper\routing\util\parsers\OSMRoadAccessParser.class
com\graphhopper\routing\ev\Country.class
com\graphhopper\storage\RoutingCHEdgeExplorer.class
com\graphhopper\reader\osm\SkipOptions.class
com\graphhopper\util\BitUtil.class
com\graphhopper\routing\ch\PrepareGraphEdgeIterator.class
com\graphhopper\routing\weighting\custom\ConditionalExpressionVisitor$Replacement.class
com\graphhopper\routing\ch\OnFlyStatisticsCalculator.class
com\graphhopper\routing\util\parsers\AbstractAccessParser.class
com\graphhopper\storage\CHStorageBuilder.class
com\graphhopper\coll\GHLongHashSet.class
com\graphhopper\routing\ev\Subnetwork.class
com\graphhopper\routing\ev\BikeRoadAccess.class
com\graphhopper\routing\ev\BusAccess.class
com\graphhopper\routing\util\MaxSpeedCalculator.class
com\graphhopper\routing\util\AllEdgesIterator.class
com\graphhopper\routing\weighting\AvoidEdgesWeighting.class
com\graphhopper\reader\osm\WayToEdgeConverter.class
com\graphhopper\routing\weighting\custom\CustomWeighting2.class
