C:\Users\emman\Desktop\IFT3913\graphhopper\core\src\main\java\com\graphhopper\routing\AStarBidirectionEdgeCHNoSOD.java
C:\Users\emman\Desktop\IFT3913\graphhopper\core\src\main\java\com\graphhopper\routing\ev\OSMWayID.java
C:\Users\emman\Desktop\IFT3913\graphhopper\core\src\main\java\com\graphhopper\util\details\BooleanDetails.java
C:\Users\emman\Desktop\IFT3913\graphhopper\core\src\main\java\com\graphhopper\routing\weighting\SpeedWeighting.java
C:\Users\emman\Desktop\IFT3913\graphhopper\core\src\main\java\com\graphhopper\routing\ev\Roundabout.java
C:\Users\emman\Desktop\IFT3913\graphhopper\core\src\main\java\com\graphhopper\reader\osm\conditional\ConditionalValueParser.java
C:\Users\emman\Desktop\IFT3913\graphhopper\core\src\main\java\com\graphhopper\coll\GHObjectIntHashMap.java
C:\Users\emman\Desktop\IFT3913\graphhopper\core\src\main\java\com\graphhopper\GraphHopperConfig.java
C:\Users\emman\Desktop\IFT3913\graphhopper\core\src\main\java\com\graphhopper\routing\ev\Hazmat.java
C:\Users\emman\Desktop\IFT3913\graphhopper\core\src\main\java\com\graphhopper\routing\querygraph\QueryOverlay.java
C:\Users\emman\Desktop\IFT3913\graphhopper\core\src\main\java\com\graphhopper\util\Downloader.java
C:\Users\emman\Desktop\IFT3913\graphhopper\core\src\main\java\com\graphhopper\routing\ch\PrepareGraphEdgeExplorer.java
C:\Users\emman\Desktop\IFT3913\graphhopper\core\src\main\java\com\graphhopper\storage\RoutingCHEdgeExplorer.java
C:\Users\emman\Desktop\IFT3913\graphhopper\core\src\main\java\com\graphhopper\storage\NativeFSLockFactory.java
C:\Users\emman\Desktop\IFT3913\graphhopper\core\src\main\java\com\graphhopper\util\details\IntersectionDetails.java
C:\Users\emman\Desktop\IFT3913\graphhopper\core\src\main\java\com\graphhopper\reader\osm\Pair.java
C:\Users\emman\Desktop\IFT3913\graphhopper\core\src\main\java\com\graphhopper\routing\ev\BikeRoadAccess.java
C:\Users\emman\Desktop\IFT3913\graphhopper\core\src\main\java\com\graphhopper\routing\lm\PerfectApproximator.java
C:\Users\emman\Desktop\IFT3913\graphhopper\core\src\main\java\com\graphhopper\routing\ev\MtbRating.java
C:\Users\emman\Desktop\IFT3913\graphhopper\core\src\main\java\com\graphhopper\storage\RAMDataAccess.java
C:\Users\emman\Desktop\IFT3913\graphhopper\core\src\main\java\com\graphhopper\storage\RAMDirectory.java
C:\Users\emman\Desktop\IFT3913\graphhopper\core\src\main\java\com\graphhopper\routing\ch\CHPreparationGraph.java
C:\Users\emman\Desktop\IFT3913\graphhopper\core\src\main\java\com\graphhopper\storage\Storable.java
C:\Users\emman\Desktop\IFT3913\graphhopper\core\src\main\java\com\graphhopper\routing\ch\NodeOrderingProvider.java
C:\Users\emman\Desktop\IFT3913\graphhopper\core\src\main\java\com\graphhopper\isochrone\algorithm\TriangulationAsReadableTriangulation.java
C:\Users\emman\Desktop\IFT3913\graphhopper\core\src\main\java\com\graphhopper\reader\osm\WayToEdgesMap.java
C:\Users\emman\Desktop\IFT3913\graphhopper\core\src\main\java\com\graphhopper\routing\util\AreaIndex.java
C:\Users\emman\Desktop\IFT3913\graphhopper\core\src\main\java\com\graphhopper\reader\osm\pbf\PbfBlobResult.java
C:\Users\emman\Desktop\IFT3913\graphhopper\core\src\main\java\com\graphhopper\routing\util\PriorityCode.java
C:\Users\emman\Desktop\IFT3913\graphhopper\core\src\main\java\com\graphhopper\util\EdgeExplorer.java
C:\Users\emman\Desktop\IFT3913\graphhopper\core\src\main\java\com\graphhopper\routing\ev\MaxWeight.java
C:\Users\emman\Desktop\IFT3913\graphhopper\core\src\main\java\com\graphhopper\routing\ev\EncodedValueSerializer.java
C:\Users\emman\Desktop\IFT3913\graphhopper\core\src\main\java\com\graphhopper\util\ArrayUtil.java
C:\Users\emman\Desktop\IFT3913\graphhopper\core\src\main\java\com\graphhopper\routing\util\parsers\OSMMaxSpeedParser.java
C:\Users\emman\Desktop\IFT3913\graphhopper\core\src\main\java\com\graphhopper\routing\util\parsers\FootPriorityParser.java
C:\Users\emman\Desktop\IFT3913\graphhopper\core\src\main\java\com\graphhopper\util\PathSimplification.java
C:\Users\emman\Desktop\IFT3913\graphhopper\core\src\main\java\com\graphhopper\storage\index\PixelGridTraversal.java
C:\Users\emman\Desktop\IFT3913\graphhopper\core\src\main\java\com\graphhopper\util\shapes\Shape.java
C:\Users\emman\Desktop\IFT3913\graphhopper\core\src\main\java\com\graphhopper\routing\AlternativeRouteEdgeCH.java
C:\Users\emman\Desktop\IFT3913\graphhopper\core\src\main\java\com\graphhopper\util\SimpleIntDeque.java
C:\Users\emman\Desktop\IFT3913\graphhopper\core\src\main\java\com\graphhopper\routing\util\parsers\OSMTollParser.java
C:\Users\emman\Desktop\IFT3913\graphhopper\core\src\main\java\com\graphhopper\routing\util\parsers\MountainBikeAccessParser.java
C:\Users\emman\Desktop\IFT3913\graphhopper\core\src\main\java\com\graphhopper\routing\Dijkstra.java
C:\Users\emman\Desktop\IFT3913\graphhopper\core\src\main\java\com\graphhopper\search\KVStorage.java
C:\Users\emman\Desktop\IFT3913\graphhopper\core\src\main\java\com\graphhopper\routing\util\tour\TourStrategy.java
C:\Users\emman\Desktop\IFT3913\graphhopper\core\src\main\java\com\graphhopper\routing\ev\FootRoadAccess.java
C:\Users\emman\Desktop\IFT3913\graphhopper\core\src\main\java\com\graphhopper\routing\util\parsers\RacingBikeAccessParser.java
C:\Users\emman\Desktop\IFT3913\graphhopper\core\src\main\java\com\graphhopper\routing\util\CurvatureCalculator.java
C:\Users\emman\Desktop\IFT3913\graphhopper\core\src\main\java\com\graphhopper\routing\util\parsers\OSMHorseRatingParser.java
C:\Users\emman\Desktop\IFT3913\graphhopper\core\src\main\java\com\graphhopper\routing\ev\Surface.java
C:\Users\emman\Desktop\IFT3913\graphhopper\core\src\main\java\com\graphhopper\routing\util\parsers\MountainBikePriorityParser.java
C:\Users\emman\Desktop\IFT3913\graphhopper\core\src\main\java\com\graphhopper\routing\ch\ShortcutUnpacker.java
C:\Users\emman\Desktop\IFT3913\graphhopper\core\src\main\java\com\graphhopper\storage\GHLock.java
C:\Users\emman\Desktop\IFT3913\graphhopper\core\src\main\java\com\graphhopper\routing\weighting\Weighting.java
C:\Users\emman\Desktop\IFT3913\graphhopper\core\src\main\java\com\graphhopper\routing\EdgeToEdgeRoutingAlgorithm.java
C:\Users\emman\Desktop\IFT3913\graphhopper\core\src\main\java\com\graphhopper\routing\util\parsers\OSMMaxHeightParser.java
C:\Users\emman\Desktop\IFT3913\graphhopper\core\src\main\java\com\graphhopper\reader\osm\SkipOptions.java
C:\Users\emman\Desktop\IFT3913\graphhopper\core\src\main\java\com\graphhopper\routing\ev\IntsRefEdgeIntAccess.java
C:\Users\emman\Desktop\IFT3913\graphhopper\core\src\main\java\com\graphhopper\routing\ev\VehicleSpeed.java
C:\Users\emman\Desktop\IFT3913\graphhopper\core\src\main\java\com\graphhopper\routing\util\parsers\OSMMaxWeightParser.java
C:\Users\emman\Desktop\IFT3913\graphhopper\core\src\main\java\com\graphhopper\isochrone\algorithm\ReadableTriangulation.java
C:\Users\emman\Desktop\IFT3913\graphhopper\core\src\main\java\com\graphhopper\routing\lm\LMApproximator.java
C:\Users\emman\Desktop\IFT3913\graphhopper\core\src\main\java\com\graphhopper\routing\util\NameSimilarityEdgeFilter.java
C:\Users\emman\Desktop\IFT3913\graphhopper\core\src\main\java\com\graphhopper\util\DepthFirstSearch.java
C:\Users\emman\Desktop\IFT3913\graphhopper\core\src\main\java\com\graphhopper\reader\dem\NodeElevationInterpolator.java
C:\Users\emman\Desktop\IFT3913\graphhopper\core\src\main\java\com\graphhopper\storage\CHStorage.java
C:\Users\emman\Desktop\IFT3913\graphhopper\core\src\main\java\com\graphhopper\util\DistanceCalcEarth.java
C:\Users\emman\Desktop\IFT3913\graphhopper\core\src\main\java\com\graphhopper\routing\util\parsers\OSMRoadClassParser.java
C:\Users\emman\Desktop\IFT3913\graphhopper\core\src\main\java\com\graphhopper\routing\ev\BusAccess.java
C:\Users\emman\Desktop\IFT3913\graphhopper\core\src\main\java\com\graphhopper\routing\util\WayAccess.java
C:\Users\emman\Desktop\IFT3913\graphhopper\core\src\main\java\com\graphhopper\routing\ev\DecimalEncodedValueImpl.java
C:\Users\emman\Desktop\IFT3913\graphhopper\core\src\main\java\com\graphhopper\routing\util\UrbanDensityCalculator.java
C:\Users\emman\Desktop\IFT3913\graphhopper\core\src\main\java\com\graphhopper\routing\util\parsers\StateParser.java
C:\Users\emman\Desktop\IFT3913\graphhopper\core\src\main\java\com\graphhopper\routing\AStarBidirectionCH.java
C:\Users\emman\Desktop\IFT3913\graphhopper\core\src\main\java\com\graphhopper\routing\ev\RoadClass.java
C:\Users\emman\Desktop\IFT3913\graphhopper\core\src\main\java\com\graphhopper\reader\dem\TileBasedElevationProvider.java
C:\Users\emman\Desktop\IFT3913\graphhopper\core\src\main\java\com\graphhopper\routing\util\parsers\OSMSurfaceParser.java
C:\Users\emman\Desktop\IFT3913\graphhopper\core\src\main\java\com\graphhopper\routing\util\parsers\TagParser.java
C:\Users\emman\Desktop\IFT3913\graphhopper\core\src\main\java\com\graphhopper\storage\RAMIntDataAccess.java
C:\Users\emman\Desktop\IFT3913\graphhopper\core\src\main\java\com\graphhopper\routing\util\TraversalMode.java
C:\Users\emman\Desktop\IFT3913\graphhopper\core\src\main\java\com\graphhopper\coll\GHSortedCollection.java
C:\Users\emman\Desktop\IFT3913\graphhopper\core\src\main\java\com\graphhopper\reader\ReaderElement.java
C:\Users\emman\Desktop\IFT3913\graphhopper\core\src\main\java\com\graphhopper\storage\MMapDirectory.java
C:\Users\emman\Desktop\IFT3913\graphhopper\core\src\main\java\com\graphhopper\reader\osm\PillarInfo.java
C:\Users\emman\Desktop\IFT3913\graphhopper\core\src\main\java\com\graphhopper\routing\ev\StringEncodedValue.java
C:\Users\emman\Desktop\IFT3913\graphhopper\core\src\main\java\com\graphhopper\util\TranslationMap.java
C:\Users\emman\Desktop\IFT3913\graphhopper\core\src\main\java\com\graphhopper\routing\ev\MtbNetwork.java
C:\Users\emman\Desktop\IFT3913\graphhopper\core\src\main\java\com\graphhopper\routing\DirectionResolverResult.java
C:\Users\emman\Desktop\IFT3913\graphhopper\core\src\main\java\com\graphhopper\routing\ev\DecimalEncodedValue.java
C:\Users\emman\Desktop\IFT3913\graphhopper\core\src\main\java\com\graphhopper\storage\index\InMemConstructionIndex.java
C:\Users\emman\Desktop\IFT3913\graphhopper\core\src\main\java\com\graphhopper\reader\osm\RestrictionTagParser.java
C:\Users\emman\Desktop\IFT3913\graphhopper\core\src\main\java\com\graphhopper\routing\ch\CHParameters.java
C:\Users\emman\Desktop\IFT3913\graphhopper\core\src\main\java\com\graphhopper\util\BodyAndStatus.java
C:\Users\emman\Desktop\IFT3913\graphhopper\core\src\main\java\com\graphhopper\routing\subnetwork\SubnetworkStorage.java
C:\Users\emman\Desktop\IFT3913\graphhopper\core\src\main\java\com\graphhopper\util\details\ConstantDetailsBuilder.java
C:\Users\emman\Desktop\IFT3913\graphhopper\core\src\main\java\com\graphhopper\routing\util\countryrules\CountryRule.java
C:\Users\emman\Desktop\IFT3913\graphhopper\core\src\main\java\com\graphhopper\routing\lm\LMRoutingAlgorithmFactory.java
C:\Users\emman\Desktop\IFT3913\graphhopper\core\src\main\java\com\graphhopper\routing\util\countryrules\CountryRuleFactory.java
C:\Users\emman\Desktop\IFT3913\graphhopper\core\src\main\java\com\graphhopper\GraphHopper.java
C:\Users\emman\Desktop\IFT3913\graphhopper\core\src\main\java\com\graphhopper\coll\GHBitSetImpl.java
C:\Users\emman\Desktop\IFT3913\graphhopper\core\src\main\java\com\graphhopper\routing\RoundTripRouting.java
C:\Users\emman\Desktop\IFT3913\graphhopper\core\src\main\java\com\graphhopper\routing\ev\HazmatTunnel.java
C:\Users\emman\Desktop\IFT3913\graphhopper\core\src\main\java\com\graphhopper\routing\ev\TrackType.java
C:\Users\emman\Desktop\IFT3913\graphhopper\core\src\main\java\com\graphhopper\routing\util\parsers\OSMFootwayParser.java
C:\Users\emman\Desktop\IFT3913\graphhopper\core\src\main\java\com\graphhopper\routing\util\parsers\FootAverageSpeedParser.java
C:\Users\emman\Desktop\IFT3913\graphhopper\core\src\main\java\com\graphhopper\routing\ev\Subnetwork.java
C:\Users\emman\Desktop\IFT3913\graphhopper\core\src\main\java\com\graphhopper\util\details\KVStringDetails.java
C:\Users\emman\Desktop\IFT3913\graphhopper\core\src\main\java\com\graphhopper\storage\DAType.java
C:\Users\emman\Desktop\IFT3913\graphhopper\core\src\main\java\com\graphhopper\routing\ev\RoadEnvironment.java
C:\Users\emman\Desktop\IFT3913\graphhopper\core\src\main\java\com\graphhopper\reader\dem\EdgeSampling.java
C:\Users\emman\Desktop\IFT3913\graphhopper\core\src\main\java\com\graphhopper\reader\dem\GMTEDProvider.java
C:\Users\emman\Desktop\IFT3913\graphhopper\core\src\main\java\com\graphhopper\isochrone\algorithm\Triangulator.java
C:\Users\emman\Desktop\IFT3913\graphhopper\core\src\main\java\com\graphhopper\routing\util\SlopeCalculator.java
C:\Users\emman\Desktop\IFT3913\graphhopper\core\src\main\java\com\graphhopper\routing\subnetwork\PrepareRoutingSubnetworks.java
C:\Users\emman\Desktop\IFT3913\graphhopper\core\src\main\java\com\graphhopper\reader\dem\EdgeElevationSmoothingMovingAverage.java
C:\Users\emman\Desktop\IFT3913\graphhopper\core\src\main\java\com\graphhopper\routing\DijkstraOneToMany.java
C:\Users\emman\Desktop\IFT3913\graphhopper\core\src\main\java\com\graphhopper\util\EdgeIterator.java
C:\Users\emman\Desktop\IFT3913\graphhopper\core\src\main\java\com\graphhopper\routing\ev\Curvature.java
C:\Users\emman\Desktop\IFT3913\graphhopper\core\src\main\java\com\graphhopper\routing\AlternativeRouteCH.java
C:\Users\emman\Desktop\IFT3913\graphhopper\core\src\main\java\com\graphhopper\routing\util\parsers\OSMMaxAxleLoadParser.java
C:\Users\emman\Desktop\IFT3913\graphhopper\core\src\main\java\com\graphhopper\routing\ch\PrepareGraphOrigEdgeIterator.java
C:\Users\emman\Desktop\IFT3913\graphhopper\core\src\main\java\com\graphhopper\routing\util\parsers\BikeAccessParser.java
C:\Users\emman\Desktop\IFT3913\graphhopper\core\src\main\java\com\graphhopper\routing\ch\PrepareEncoder.java
C:\Users\emman\Desktop\IFT3913\graphhopper\core\src\main\java\com\graphhopper\routing\util\parsers\OSMHikeRatingParser.java
C:\Users\emman\Desktop\IFT3913\graphhopper\core\src\main\java\com\graphhopper\routing\BidirPathExtractor.java
C:\Users\emman\Desktop\IFT3913\graphhopper\core\src\main\java\com\graphhopper\routing\querygraph\VirtualEdgeIterator.java
C:\Users\emman\Desktop\IFT3913\graphhopper\core\src\main\java\com\graphhopper\storage\VLongStorage.java
C:\Users\emman\Desktop\IFT3913\graphhopper\core\src\main\java\com\graphhopper\routing\ev\MaxSpeed.java
C:\Users\emman\Desktop\IFT3913\graphhopper\core\src\main\java\com\graphhopper\routing\ev\EncodedValue.java
C:\Users\emman\Desktop\IFT3913\graphhopper\core\src\main\java\com\graphhopper\routing\ch\NodeBasedWitnessPathSearcher.java
C:\Users\emman\Desktop\IFT3913\graphhopper\core\src\main\java\com\graphhopper\routing\lm\PrepareLandmarks.java
C:\Users\emman\Desktop\IFT3913\graphhopper\core\src\main\java\com\graphhopper\routing\util\parsers\OSMHazmatWaterParser.java
C:\Users\emman\Desktop\IFT3913\graphhopper\core\src\main\java\com\graphhopper\routing\ch\EdgeBasedNodeContractor.java
C:\Users\emman\Desktop\IFT3913\graphhopper\core\src\main\java\com\graphhopper\routing\ev\Toll.java
C:\Users\emman\Desktop\IFT3913\graphhopper\core\src\main\java\com\graphhopper\routing\util\parsers\BikePriorityParser.java
C:\Users\emman\Desktop\IFT3913\graphhopper\core\src\main\java\com\graphhopper\util\RamerDouglasPeucker.java
C:\Users\emman\Desktop\IFT3913\graphhopper\core\src\main\java\com\graphhopper\storage\RoutingCHEdgeIteratorImpl.java
C:\Users\emman\Desktop\IFT3913\graphhopper\core\src\main\java\com\graphhopper\routing\ev\HorseRating.java
C:\Users\emman\Desktop\IFT3913\graphhopper\core\src\main\java\com\graphhopper\coll\LongLongMap.java
C:\Users\emman\Desktop\IFT3913\graphhopper\core\src\main\java\com\graphhopper\routing\subnetwork\EdgeBasedTarjanSCC.java
C:\Users\emman\Desktop\IFT3913\graphhopper\core\src\main\java\com\graphhopper\routing\EdgeRestrictions.java
C:\Users\emman\Desktop\IFT3913\graphhopper\core\src\main\java\com\graphhopper\routing\ev\TurnCost.java
C:\Users\emman\Desktop\IFT3913\graphhopper\core\src\main\java\com\graphhopper\routing\util\parsers\OSMRoadClassLinkParser.java
C:\Users\emman\Desktop\IFT3913\graphhopper\core\src\main\java\com\graphhopper\isochrone\algorithm\Triangulation.java
C:\Users\emman\Desktop\IFT3913\graphhopper\core\src\main\java\com\graphhopper\routing\util\parsers\AbstractAverageSpeedParser.java
C:\Users\emman\Desktop\IFT3913\graphhopper\core\src\main\java\com\graphhopper\routing\util\parsers\DefaultMaxSpeedParser.java
C:\Users\emman\Desktop\IFT3913\graphhopper\core\src\main\java\com\graphhopper\reader\osm\pbf\PbfStreamSplitter.java
C:\Users\emman\Desktop\IFT3913\graphhopper\core\src\main\java\com\graphhopper\routing\ev\Orientation.java
C:\Users\emman\Desktop\IFT3913\graphhopper\core\src\main\java\com\graphhopper\routing\querygraph\EdgeChangeBuilder.java
C:\Users\emman\Desktop\IFT3913\graphhopper\core\src\main\java\com\graphhopper\routing\util\countryrules\europe\GermanyCountryRule.java
C:\Users\emman\Desktop\IFT3913\graphhopper\core\src\main\java\com\graphhopper\routing\weighting\WeightApproximator.java
C:\Users\emman\Desktop\IFT3913\graphhopper\core\src\main\java\com\graphhopper\routing\ev\Country.java
C:\Users\emman\Desktop\IFT3913\graphhopper\core\src\main\java\com\graphhopper\routing\util\DefaultSnapFilter.java
C:\Users\emman\Desktop\IFT3913\graphhopper\core\src\main\java\com\graphhopper\routing\ev\Footway.java
C:\Users\emman\Desktop\IFT3913\graphhopper\core\src\main\java\com\graphhopper\routing\weighting\custom\FindMinMax.java
C:\Users\emman\Desktop\IFT3913\graphhopper\core\src\main\java\com\graphhopper\util\FetchMode.java
C:\Users\emman\Desktop\IFT3913\graphhopper\core\src\main\java\com\graphhopper\routing\util\parsers\CountryParser.java
C:\Users\emman\Desktop\IFT3913\graphhopper\core\src\main\java\com\graphhopper\routing\ev\MaxSlope.java
C:\Users\emman\Desktop\IFT3913\graphhopper\core\src\main\java\com\graphhopper\routing\util\parsers\RestrictionSetter.java
C:\Users\emman\Desktop\IFT3913\graphhopper\core\src\main\java\com\graphhopper\util\EdgeIteratorState.java
C:\Users\emman\Desktop\IFT3913\graphhopper\core\src\main\java\com\graphhopper\reader\osm\RestrictionType.java
C:\Users\emman\Desktop\IFT3913\graphhopper\core\src\main\java\com\graphhopper\routing\ev\Hgv.java
C:\Users\emman\Desktop\IFT3913\graphhopper\core\src\main\java\com\graphhopper\routing\ev\HikeRating.java
C:\Users\emman\Desktop\IFT3913\graphhopper\core\src\main\java\com\graphhopper\routing\querygraph\QueryGraph.java
C:\Users\emman\Desktop\IFT3913\graphhopper\core\src\main\java\com\graphhopper\storage\index\LocationIndexTree.java
C:\Users\emman\Desktop\IFT3913\graphhopper\core\src\main\java\com\graphhopper\routing\lm\LandmarkSuggestion.java
C:\Users\emman\Desktop\IFT3913\graphhopper\core\src\main\java\com\graphhopper\routing\ch\CHEntry.java
C:\Users\emman\Desktop\IFT3913\graphhopper\core\src\main\java\com\graphhopper\routing\ev\VehicleAccess.java
C:\Users\emman\Desktop\IFT3913\graphhopper\core\src\main\java\com\graphhopper\storage\GHDirectory.java
C:\Users\emman\Desktop\IFT3913\graphhopper\core\src\main\java\com\graphhopper\isochrone\algorithm\JTSTriangulator.java
C:\Users\emman\Desktop\IFT3913\graphhopper\core\src\main\java\com\graphhopper\reader\osm\pbf\PbfRawBlob.java
C:\Users\emman\Desktop\IFT3913\graphhopper\core\src\main\java\com\graphhopper\routing\ch\NodeBasedCHBidirPathExtractor.java
C:\Users\emman\Desktop\IFT3913\graphhopper\core\src\main\java\com\graphhopper\util\shapes\Circle.java
C:\Users\emman\Desktop\IFT3913\graphhopper\core\src\main\java\com\graphhopper\routing\ev\MaxSpeedEstimated.java
C:\Users\emman\Desktop\IFT3913\graphhopper\core\src\main\java\com\graphhopper\routing\ev\FootTemporalAccess.java
C:\Users\emman\Desktop\IFT3913\graphhopper\core\src\main\java\com\graphhopper\storage\CHStorageBuilder.java
C:\Users\emman\Desktop\IFT3913\graphhopper\core\src\main\java\com\graphhopper\coll\GHIntObjectHashMap.java
C:\Users\emman\Desktop\IFT3913\graphhopper\core\src\main\java\com\graphhopper\routing\ch\PrepareContractionHierarchies.java
C:\Users\emman\Desktop\IFT3913\graphhopper\core\src\main\java\com\graphhopper\coll\GHLongLongHashMap.java
C:\Users\emman\Desktop\IFT3913\graphhopper\core\src\main\java\com\graphhopper\routing\OSMReaderConfig.java
C:\Users\emman\Desktop\IFT3913\graphhopper\core\src\main\java\com\graphhopper\util\MiniPerfTest.java
C:\Users\emman\Desktop\IFT3913\graphhopper\core\src\main\java\com\graphhopper\routing\ev\State.java
C:\Users\emman\Desktop\IFT3913\graphhopper\core\src\main\java\com\graphhopper\routing\util\FiniteWeightFilter.java
C:\Users\emman\Desktop\IFT3913\graphhopper\core\src\main\java\com\graphhopper\reader\osm\pbf\PbfReader.java
C:\Users\emman\Desktop\IFT3913\graphhopper\core\src\main\java\com\graphhopper\routing\ev\CarTemporalAccess.java
C:\Users\emman\Desktop\IFT3913\graphhopper\core\src\main\java\com\graphhopper\debatty\java\stringsimilarity\JaroWinkler.java
C:\Users\emman\Desktop\IFT3913\graphhopper\core\src\main\java\com\graphhopper\config\LMProfile.java
C:\Users\emman\Desktop\IFT3913\graphhopper\core\src\main\java\com\graphhopper\routing\querygraph\QueryOverlayBuilder.java
C:\Users\emman\Desktop\IFT3913\graphhopper\core\src\main\java\com\graphhopper\coll\GHIntLongHashMap.java
C:\Users\emman\Desktop\IFT3913\graphhopper\core\src\main\java\com\graphhopper\routing\util\parsers\OSMSmoothnessParser.java
C:\Users\emman\Desktop\IFT3913\graphhopper\core\src\main\java\com\graphhopper\routing\util\parsers\OSMTrackTypeParser.java
C:\Users\emman\Desktop\IFT3913\graphhopper\core\src\main\java\com\graphhopper\routing\DijkstraBidirectionEdgeCHNoSOD.java
C:\Users\emman\Desktop\IFT3913\graphhopper\core\src\main\java\com\graphhopper\routing\util\tour\MultiPointTour.java
C:\Users\emman\Desktop\IFT3913\graphhopper\core\src\main\java\com\graphhopper\util\details\DistanceDetails.java
C:\Users\emman\Desktop\IFT3913\graphhopper\core\src\main\java\com\graphhopper\routing\RoutingAlgorithm.java
C:\Users\emman\Desktop\IFT3913\graphhopper\core\src\main\java\com\graphhopper\storage\CHConfig.java
C:\Users\emman\Desktop\IFT3913\graphhopper\core\src\main\java\com\graphhopper\geohash\SpatialKeyAlgo.java
C:\Users\emman\Desktop\IFT3913\graphhopper\core\src\main\java\com\graphhopper\routing\DefaultWeightingFactory.java
C:\Users\emman\Desktop\IFT3913\graphhopper\core\src\main\java\com\graphhopper\routing\ev\MaxAxleLoad.java
C:\Users\emman\Desktop\IFT3913\graphhopper\core\src\main\java\com\graphhopper\routing\util\parsers\OSMHgvParser.java
C:\Users\emman\Desktop\IFT3913\graphhopper\core\src\main\java\com\graphhopper\routing\lm\LMPreparationHandler.java
C:\Users\emman\Desktop\IFT3913\graphhopper\core\src\main\java\com\graphhopper\util\XFirstSearch.java
C:\Users\emman\Desktop\IFT3913\graphhopper\core\src\main\java\com\graphhopper\routing\InstructionsFromEdges.java
C:\Users\emman\Desktop\IFT3913\graphhopper\core\src\main\java\com\graphhopper\routing\util\parsers\OSMMaxLengthParser.java
C:\Users\emman\Desktop\IFT3913\graphhopper\core\src\main\java\com\graphhopper\routing\ch\EdgeBasedCHBidirPathExtractor.java
C:\Users\emman\Desktop\IFT3913\graphhopper\core\src\main\java\com\graphhopper\util\shapes\BBox.java
C:\Users\emman\Desktop\IFT3913\graphhopper\core\src\main\java\com\graphhopper\routing\ev\Smoothness.java
C:\Users\emman\Desktop\IFT3913\graphhopper\core\src\main\java\com\graphhopper\util\details\EnumDetails.java
C:\Users\emman\Desktop\IFT3913\graphhopper\core\src\main\java\com\graphhopper\reader\osm\OSMReaderUtility.java
C:\Users\emman\Desktop\IFT3913\graphhopper\core\src\main\java\com\graphhopper\routing\PathCalculator.java
C:\Users\emman\Desktop\IFT3913\graphhopper\core\src\main\java\com\graphhopper\util\StopWatch.java
C:\Users\emman\Desktop\IFT3913\graphhopper\core\src\main\java\com\graphhopper\routing\ev\HovAccess.java
C:\Users\emman\Desktop\IFT3913\graphhopper\core\src\main\java\com\graphhopper\routing\ev\DefaultImportRegistry.java
C:\Users\emman\Desktop\IFT3913\graphhopper\core\src\main\java\com\graphhopper\routing\AbstractRoutingAlgorithm.java
C:\Users\emman\Desktop\IFT3913\graphhopper\core\src\main\java\com\graphhopper\reader\dem\ElevationInterpolator.java
C:\Users\emman\Desktop\IFT3913\graphhopper\core\src\main\java\com\graphhopper\storage\BaseGraphNodesAndEdges.java
C:\Users\emman\Desktop\IFT3913\graphhopper\core\src\main\java\com\graphhopper\routing\weighting\QueryGraphWeighting.java
C:\Users\emman\Desktop\IFT3913\graphhopper\core\src\main\java\com\graphhopper\routing\weighting\custom\ValueExpressionVisitor.java
C:\Users\emman\Desktop\IFT3913\graphhopper\core\src\main\java\com\graphhopper\util\details\IntersectionValues.java
C:\Users\emman\Desktop\IFT3913\graphhopper\core\src\main\java\com\graphhopper\routing\RouterConfig.java
C:\Users\emman\Desktop\IFT3913\graphhopper\core\src\main\java\com\graphhopper\routing\util\parsers\BikeNetworkParserHelper.java
C:\Users\emman\Desktop\IFT3913\graphhopper\core\src\main\java\com\graphhopper\routing\util\parsers\OSMFootNetworkTagParser.java
C:\Users\emman\Desktop\IFT3913\graphhopper\core\src\main\java\com\graphhopper\reader\osm\pbf\PbfBlobDecoderListener.java
C:\Users\emman\Desktop\IFT3913\graphhopper\core\src\main\java\com\graphhopper\routing\ev\Lanes.java
C:\Users\emman\Desktop\IFT3913\graphhopper\core\src\main\java\com\graphhopper\reader\dem\SRTMProvider.java
C:\Users\emman\Desktop\IFT3913\graphhopper\core\src\main\java\com\graphhopper\routing\weighting\BeelineWeightApproximator.java
C:\Users\emman\Desktop\IFT3913\graphhopper\core\src\main\java\com\graphhopper\routing\querygraph\VirtualEdgeIteratorState.java
C:\Users\emman\Desktop\IFT3913\graphhopper\core\src\main\java\com\graphhopper\routing\SPTEntry.java
C:\Users\emman\Desktop\IFT3913\graphhopper\core\src\main\java\com\graphhopper\reader\dem\SRTMGL1Provider.java
C:\Users\emman\Desktop\IFT3913\graphhopper\core\src\main\java\com\graphhopper\routing\util\parsers\OrientationCalculator.java
C:\Users\emman\Desktop\IFT3913\graphhopper\core\src\main\java\com\graphhopper\routing\util\SnapPreventionEdgeFilter.java
C:\Users\emman\Desktop\IFT3913\graphhopper\core\src\main\java\com\graphhopper\routing\AlgorithmOptions.java
C:\Users\emman\Desktop\IFT3913\graphhopper\core\src\main\java\com\graphhopper\routing\util\CustomArea.java
C:\Users\emman\Desktop\IFT3913\graphhopper\core\src\main\java\com\graphhopper\routing\util\parsers\AbstractAccessParser.java
C:\Users\emman\Desktop\IFT3913\graphhopper\core\src\main\java\com\graphhopper\routing\querygraph\QueryRoutingCHGraph.java
C:\Users\emman\Desktop\IFT3913\graphhopper\core\src\main\java\com\graphhopper\routing\weighting\BalancedWeightApproximator.java
C:\Users\emman\Desktop\IFT3913\graphhopper\core\src\main\java\com\graphhopper\storage\RoutingCHGraph.java
C:\Users\emman\Desktop\IFT3913\graphhopper\core\src\main\java\com\graphhopper\util\details\PathDetailsBuilder.java
C:\Users\emman\Desktop\IFT3913\graphhopper\core\src\main\java\com\graphhopper\reader\osm\WayToEdgeConverter.java
C:\Users\emman\Desktop\IFT3913\graphhopper\core\src\main\java\com\graphhopper\routing\ev\MaxLength.java
C:\Users\emman\Desktop\IFT3913\graphhopper\core\src\main\java\com\graphhopper\reader\dem\MultiSourceElevationProvider.java
C:\Users\emman\Desktop\IFT3913\graphhopper\core\src\main\java\com\graphhopper\routing\ev\ImportRegistry.java
C:\Users\emman\Desktop\IFT3913\graphhopper\core\src\main\java\com\graphhopper\routing\DirectionResolver.java
C:\Users\emman\Desktop\IFT3913\graphhopper\core\src\main\java\com\graphhopper\reader\osm\RestrictionMembers.java
C:\Users\emman\Desktop\IFT3913\graphhopper\core\src\main\java\com\graphhopper\storage\MMapDataAccess.java
C:\Users\emman\Desktop\IFT3913\graphhopper\core\src\main\java\com\graphhopper\routing\weighting\DefaultTurnCostProvider.java
C:\Users\emman\Desktop\IFT3913\graphhopper\core\src\main\java\com\graphhopper\storage\StorableProperties.java
C:\Users\emman\Desktop\IFT3913\graphhopper\core\src\main\java\com\graphhopper\routing\ev\BikeNetwork.java
C:\Users\emman\Desktop\IFT3913\graphhopper\core\src\main\java\com\graphhopper\routing\ev\RoadAccess.java
C:\Users\emman\Desktop\IFT3913\graphhopper\core\src\main\java\com\graphhopper\routing\ch\AStarCHEntry.java
C:\Users\emman\Desktop\IFT3913\graphhopper\core\src\main\java\com\graphhopper\routing\util\HeadingEdgeFilter.java
C:\Users\emman\Desktop\IFT3913\graphhopper\core\src\main\java\com\graphhopper\util\details\WeightDetails.java
C:\Users\emman\Desktop\IFT3913\graphhopper\core\src\main\java\com\graphhopper\reader\osm\WaySegmentParser.java
C:\Users\emman\Desktop\IFT3913\graphhopper\core\src\main\java\com\graphhopper\routing\lm\LandmarkStorage.java
C:\Users\emman\Desktop\IFT3913\graphhopper\core\src\main\java\com\graphhopper\routing\weighting\custom\ClassHelper.java
C:\Users\emman\Desktop\IFT3913\graphhopper\core\src\main\java\com\graphhopper\routing\util\parsers\OSMRoadEnvironmentParser.java
C:\Users\emman\Desktop\IFT3913\graphhopper\core\src\main\java\com\graphhopper\routing\weighting\TurnCostProvider.java
C:\Users\emman\Desktop\IFT3913\graphhopper\core\src\main\java\com\graphhopper\routing\ev\ArrayEdgeIntAccess.java
C:\Users\emman\Desktop\IFT3913\graphhopper\core\src\main\java\com\graphhopper\coll\MapEntry.java
C:\Users\emman\Desktop\IFT3913\graphhopper\core\src\main\java\com\graphhopper\routing\util\parsers\OSMCrossingParser.java
C:\Users\emman\Desktop\IFT3913\graphhopper\core\src\main\java\com\graphhopper\storage\TurnCostStorage.java
C:\Users\emman\Desktop\IFT3913\graphhopper\core\src\main\java\com\graphhopper\storage\IntsRef.java
C:\Users\emman\Desktop\IFT3913\graphhopper\core\src\main\java\com\graphhopper\routing\util\parsers\CarAccessParser.java
C:\Users\emman\Desktop\IFT3913\graphhopper\core\src\main\java\com\graphhopper\util\details\StringDetails.java
C:\Users\emman\Desktop\IFT3913\graphhopper\core\src\main\java\com\graphhopper\reader\osm\conditional\DateRange.java
C:\Users\emman\Desktop\IFT3913\graphhopper\core\src\main\java\com\graphhopper\util\Constants.java
C:\Users\emman\Desktop\IFT3913\graphhopper\core\src\main\java\com\graphhopper\routing\Path.java
C:\Users\emman\Desktop\IFT3913\graphhopper\core\src\main\java\com\graphhopper\util\DistanceCalc3D.java
C:\Users\emman\Desktop\IFT3913\graphhopper\core\src\main\java\com\graphhopper\routing\DijkstraBidirectionRef.java
C:\Users\emman\Desktop\IFT3913\graphhopper\core\src\main\java\com\graphhopper\storage\Graph.java
C:\Users\emman\Desktop\IFT3913\graphhopper\core\src\main\java\com\graphhopper\util\DistanceCalc.java
C:\Users\emman\Desktop\IFT3913\graphhopper\core\src\main\java\com\graphhopper\routing\ev\ImportUnitSorter.java
C:\Users\emman\Desktop\IFT3913\graphhopper\core\src\main\java\com\graphhopper\routing\ev\FerrySpeed.java
C:\Users\emman\Desktop\IFT3913\graphhopper\core\src\main\java\com\graphhopper\routing\ev\IntEncodedValue.java
C:\Users\emman\Desktop\IFT3913\graphhopper\core\src\main\java\com\graphhopper\reader\dem\SkadiProvider.java
C:\Users\emman\Desktop\IFT3913\graphhopper\core\src\main\java\com\graphhopper\routing\ev\GetOffBike.java
C:\Users\emman\Desktop\IFT3913\graphhopper\core\src\main\java\com\graphhopper\util\Instructions.java
C:\Users\emman\Desktop\IFT3913\graphhopper\core\src\main\java\com\graphhopper\routing\util\RoadDensityCalculator.java
C:\Users\emman\Desktop\IFT3913\graphhopper\core\src\main\java\com\graphhopper\routing\util\EncodingManager.java
C:\Users\emman\Desktop\IFT3913\graphhopper\core\src\main\java\com\graphhopper\apache\commons\lang3\StringUtils.java
C:\Users\emman\Desktop\IFT3913\graphhopper\core\src\main\java\com\graphhopper\routing\HeadingResolver.java
C:\Users\emman\Desktop\IFT3913\graphhopper\core\src\main\java\com\graphhopper\routing\AStar.java
C:\Users\emman\Desktop\IFT3913\graphhopper\core\src\main\java\com\graphhopper\reader\osm\RestrictionTopology.java
C:\Users\emman\Desktop\IFT3913\graphhopper\core\src\main\java\com\graphhopper\routing\ev\MaxHeight.java
C:\Users\emman\Desktop\IFT3913\graphhopper\core\src\main\java\com\graphhopper\routing\util\parsers\OSMHazmatTunnelParser.java
C:\Users\emman\Desktop\IFT3913\graphhopper\core\src\main\java\com\graphhopper\coll\GHLongLongBTree.java
C:\Users\emman\Desktop\IFT3913\graphhopper\core\src\main\java\com\graphhopper\reader\dem\EdgeElevationInterpolator.java
C:\Users\emman\Desktop\IFT3913\graphhopper\core\src\main\java\com\graphhopper\routing\PathExtractor.java
C:\Users\emman\Desktop\IFT3913\graphhopper\core\src\main\java\com\graphhopper\routing\AStarBidirection.java
C:\Users\emman\Desktop\IFT3913\graphhopper\core\src\main\java\com\graphhopper\storage\LockFactory.java
C:\Users\emman\Desktop\IFT3913\graphhopper\core\src\main\java\com\graphhopper\reader\osm\OSMReader.java
C:\Users\emman\Desktop\IFT3913\graphhopper\core\src\main\java\com\graphhopper\util\GitInfo.java
C:\Users\emman\Desktop\IFT3913\graphhopper\core\src\main\java\com\graphhopper\routing\InstructionsOutgoingEdges.java
C:\Users\emman\Desktop\IFT3913\graphhopper\core\src\main\java\com\graphhopper\routing\util\AccessFilter.java
C:\Users\emman\Desktop\IFT3913\graphhopper\core\src\main\java\com\graphhopper\storage\RoutingCHEdgeIteratorState.java
C:\Users\emman\Desktop\IFT3913\graphhopper\core\src\main\java\com\graphhopper\routing\ch\NodeContractor.java
C:\Users\emman\Desktop\IFT3913\graphhopper\core\src\main\java\com\graphhopper\routing\lm\SplitArea.java
C:\Users\emman\Desktop\IFT3913\graphhopper\core\src\main\java\com\graphhopper\routing\ev\BooleanEncodedValue.java
C:\Users\emman\Desktop\IFT3913\graphhopper\core\src\main\java\com\graphhopper\routing\ev\ExternalBooleanEncodedValue.java
C:\Users\emman\Desktop\IFT3913\graphhopper\core\src\main\java\com\graphhopper\routing\ev\RouteNetwork.java
C:\Users\emman\Desktop\IFT3913\graphhopper\core\src\main\java\com\graphhopper\routing\util\parsers\OSMTemporalAccessParser.java
C:\Users\emman\Desktop\IFT3913\graphhopper\core\src\main\java\com\graphhopper\routing\util\parsers\FootAccessParser.java
C:\Users\emman\Desktop\IFT3913\graphhopper\core\src\main\java\com\graphhopper\routing\util\tour\SinglePointTour.java
C:\Users\emman\Desktop\IFT3913\graphhopper\core\src\main\java\com\graphhopper\config\Profile.java
C:\Users\emman\Desktop\IFT3913\graphhopper\core\src\main\java\com\graphhopper\reader\osm\OSMInput.java
C:\Users\emman\Desktop\IFT3913\graphhopper\core\src\main\java\com\graphhopper\util\AngleCalc.java
C:\Users\emman\Desktop\IFT3913\graphhopper\core\src\main\java\com\graphhopper\routing\ev\RoadClassLink.java
C:\Users\emman\Desktop\IFT3913\graphhopper\core\src\main\java\com\graphhopper\routing\util\countryrules\europe\AustriaCountryRule.java
C:\Users\emman\Desktop\IFT3913\graphhopper\core\src\main\java\com\graphhopper\routing\ev\FootNetwork.java
C:\Users\emman\Desktop\IFT3913\graphhopper\core\src\main\java\com\graphhopper\reader\osm\OSMFileHeader.java
C:\Users\emman\Desktop\IFT3913\graphhopper\core\src\main\java\com\graphhopper\routing\weighting\custom\ConditionalExpressionVisitor.java
C:\Users\emman\Desktop\IFT3913\graphhopper\core\src\main\java\com\graphhopper\routing\util\parsers\ModeAccessParser.java
C:\Users\emman\Desktop\IFT3913\graphhopper\core\src\main\java\com\graphhopper\routing\FlexiblePathCalculator.java
C:\Users\emman\Desktop\IFT3913\graphhopper\core\src\main\java\com\graphhopper\isochrone\algorithm\ContourBuilder.java
C:\Users\emman\Desktop\IFT3913\graphhopper\core\src\main\java\com\graphhopper\routing\util\EdgeFilter.java
C:\Users\emman\Desktop\IFT3913\graphhopper\core\src\main\java\com\graphhopper\routing\subnetwork\TarjanSCC.java
C:\Users\emman\Desktop\IFT3913\graphhopper\core\src\main\java\com\graphhopper\reader\osm\pbf\PbfFieldDecoder.java
C:\Users\emman\Desktop\IFT3913\graphhopper\core\src\main\java\com\graphhopper\routing\AlternativeRoute.java
C:\Users\emman\Desktop\IFT3913\graphhopper\core\src\main\java\com\graphhopper\routing\util\parsers\OSMBikeNetworkTagParser.java
C:\Users\emman\Desktop\IFT3913\graphhopper\core\src\main\java\com\graphhopper\reader\osm\OSMNodeData.java
C:\Users\emman\Desktop\IFT3913\graphhopper\core\src\main\java\com\graphhopper\reader\osm\OSMInputFile.java
C:\Users\emman\Desktop\IFT3913\graphhopper\core\src\main\java\com\graphhopper\routing\util\parsers\BikeAverageSpeedParser.java
C:\Users\emman\Desktop\IFT3913\graphhopper\core\src\main\java\com\graphhopper\reader\dem\ElevationProvider.java
C:\Users\emman\Desktop\IFT3913\graphhopper\core\src\main\java\com\graphhopper\util\DistanceCalcEuclidean.java
C:\Users\emman\Desktop\IFT3913\graphhopper\core\src\main\java\com\graphhopper\routing\util\AllEdgesIterator.java
C:\Users\emman\Desktop\IFT3913\graphhopper\core\src\main\java\com\graphhopper\util\details\TimeDetails.java
C:\Users\emman\Desktop\IFT3913\graphhopper\core\src\main\java\com\graphhopper\reader\osm\Triple.java
C:\Users\emman\Desktop\IFT3913\graphhopper\core\src\main\java\com\graphhopper\routing\DefaultBidirPathExtractor.java
C:\Users\emman\Desktop\IFT3913\graphhopper\core\src\main\java\com\graphhopper\routing\util\MaxSpeedCalculator.java
C:\Users\emman\Desktop\IFT3913\graphhopper\core\src\main\java\com\graphhopper\routing\ch\NodeBasedNodeContractor.java
C:\Users\emman\Desktop\IFT3913\graphhopper\core\src\main\java\com\graphhopper\storage\BaseGraph.java
C:\Users\emman\Desktop\IFT3913\graphhopper\core\src\main\java\com\graphhopper\routing\util\parsers\CarAverageSpeedParser.java
C:\Users\emman\Desktop\IFT3913\graphhopper\core\src\main\java\com\graphhopper\routing\util\parsers\OSMMaxWidthParser.java
C:\Users\emman\Desktop\IFT3913\graphhopper\core\src\main\java\com\graphhopper\storage\RoutingCHGraphImpl.java
C:\Users\emman\Desktop\IFT3913\graphhopper\core\src\main\java\com\graphhopper\storage\index\LocationIndex.java
C:\Users\emman\Desktop\IFT3913\graphhopper\core\src\main\java\com\graphhopper\routing\ch\OnFlyStatisticsCalculator.java
C:\Users\emman\Desktop\IFT3913\graphhopper\core\src\main\java\com\graphhopper\routing\ViaRouting.java
C:\Users\emman\Desktop\IFT3913\graphhopper\core\src\main\java\com\graphhopper\routing\ch\PrepareGraphOrigEdgeExplorer.java
C:\Users\emman\Desktop\IFT3913\graphhopper\core\src\main\java\com\graphhopper\routing\util\parsers\MaxWeightExceptParser.java
C:\Users\emman\Desktop\IFT3913\graphhopper\core\src\main\java\com\graphhopper\routing\ev\MaxWidth.java
C:\Users\emman\Desktop\IFT3913\graphhopper\core\src\main\java\com\graphhopper\routing\ev\HazmatWater.java
C:\Users\emman\Desktop\IFT3913\graphhopper\core\src\main\java\com\graphhopper\routing\ev\BikeTemporalAccess.java
C:\Users\emman\Desktop\IFT3913\graphhopper\core\src\main\java\com\graphhopper\routing\util\parsers\OSMHazmatParser.java
C:\Users\emman\Desktop\IFT3913\graphhopper\core\src\main\java\com\graphhopper\util\PathMerger.java
C:\Users\emman\Desktop\IFT3913\graphhopper\core\src\main\java\com\graphhopper\storage\ExtendedNodeAccess.java
C:\Users\emman\Desktop\IFT3913\graphhopper\core\src\main\java\com\graphhopper\reader\dem\AbstractTiffElevationProvider.java
C:\Users\emman\Desktop\IFT3913\graphhopper\core\src\main\java\com\graphhopper\routing\weighting\custom\NameValidator.java
C:\Users\emman\Desktop\IFT3913\graphhopper\core\src\main\java\com\graphhopper\storage\index\IndexStructureInfo.java
C:\Users\emman\Desktop\IFT3913\graphhopper\core\src\main\java\com\graphhopper\routing\MultiplePointsNotFoundException.java
C:\Users\emman\Desktop\IFT3913\graphhopper\core\src\main\java\com\graphhopper\util\details\DecimalDetails.java
C:\Users\emman\Desktop\IFT3913\graphhopper\core\src\main\java\com\graphhopper\routing\util\parsers\RacingBikePriorityParser.java
C:\Users\emman\Desktop\IFT3913\graphhopper\core\src\main\java\com\graphhopper\util\details\PathDetailsBuilderFactory.java
C:\Users\emman\Desktop\IFT3913\graphhopper\core\src\main\java\com\graphhopper\routing\DijkstraBidirectionCHNoSOD.java
C:\Users\emman\Desktop\IFT3913\graphhopper\core\src\main\java\com\graphhopper\storage\AbstractDataAccess.java
C:\Users\emman\Desktop\IFT3913\graphhopper\core\src\main\java\com\graphhopper\coll\GHIntHashSet.java
C:\Users\emman\Desktop\IFT3913\graphhopper\core\src\main\java\com\graphhopper\storage\Directory.java
C:\Users\emman\Desktop\IFT3913\graphhopper\core\src\main\java\com\graphhopper\storage\index\Snap.java
C:\Users\emman\Desktop\IFT3913\graphhopper\core\src\main\java\com\graphhopper\routing\util\parsers\BikeCommonPriorityParser.java
C:\Users\emman\Desktop\IFT3913\graphhopper\core\src\main\java\com\graphhopper\storage\RoutingCHEdgeIterator.java
C:\Users\emman\Desktop\IFT3913\graphhopper\core\src\main\java\com\graphhopper\isochrone\algorithm\QuadEdgeAsReadableQuadEdge.java
C:\Users\emman\Desktop\IFT3913\graphhopper\core\src\main\java\com\graphhopper\reader\osm\OSMRestrictionException.java
C:\Users\emman\Desktop\IFT3913\graphhopper\core\src\main\java\com\graphhopper\routing\util\parsers\OSMMtbRatingParser.java
C:\Users\emman\Desktop\IFT3913\graphhopper\core\src\main\java\com\graphhopper\routing\ev\SimpleBooleanEncodedValue.java
C:\Users\emman\Desktop\IFT3913\graphhopper\core\src\main\java\com\graphhopper\routing\InstructionsHelper.java
C:\Users\emman\Desktop\IFT3913\graphhopper\core\src\main\java\com\graphhopper\reader\osm\OSMXMLHelper.java
C:\Users\emman\Desktop\IFT3913\graphhopper\core\src\main\java\com\graphhopper\routing\weighting\AvoidEdgesWeighting.java
C:\Users\emman\Desktop\IFT3913\graphhopper\core\src\main\java\com\graphhopper\util\DistancePlaneProjection.java
C:\Users\emman\Desktop\IFT3913\graphhopper\core\src\main\java\com\graphhopper\routing\util\countryrules\europe\HungaryCountryRule.java
C:\Users\emman\Desktop\IFT3913\graphhopper\core\src\main\java\com\graphhopper\util\Unzipper.java
C:\Users\emman\Desktop\IFT3913\graphhopper\core\src\main\java\com\graphhopper\coll\GHBitSet.java
C:\Users\emman\Desktop\IFT3913\graphhopper\core\src\main\java\com\graphhopper\routing\ch\CHRoutingAlgorithmFactory.java
C:\Users\emman\Desktop\IFT3913\graphhopper\core\src\main\java\com\graphhopper\routing\DijkstraBidirectionCH.java
C:\Users\emman\Desktop\IFT3913\graphhopper\core\src\main\java\com\graphhopper\routing\weighting\custom\CustomWeightingHelper.java
C:\Users\emman\Desktop\IFT3913\graphhopper\core\src\main\java\com\graphhopper\util\details\PathDetailsFromEdges.java
C:\Users\emman\Desktop\IFT3913\graphhopper\core\src\main\java\com\graphhopper\routing\util\parsers\OSMGetOffBikeParser.java
C:\Users\emman\Desktop\IFT3913\graphhopper\core\src\main\java\com\graphhopper\routing\util\parsers\BikeCommonAccessParser.java
C:\Users\emman\Desktop\IFT3913\graphhopper\core\src\main\java\com\graphhopper\isochrone\algorithm\ShortestPathTree.java
C:\Users\emman\Desktop\IFT3913\graphhopper\core\src\main\java\com\graphhopper\routing\util\parsers\OSMMtbNetworkTagParser.java
C:\Users\emman\Desktop\IFT3913\graphhopper\core\src\main\java\com\graphhopper\routing\AbstractBidirCHAlgo.java
C:\Users\emman\Desktop\IFT3913\graphhopper\core\src\main\java\com\graphhopper\util\details\IntDetails.java
C:\Users\emman\Desktop\IFT3913\graphhopper\core\src\main\java\com\graphhopper\routing\ev\UrbanDensity.java
C:\Users\emman\Desktop\IFT3913\graphhopper\core\src\main\java\com\graphhopper\routing\util\parsers\OSMWayIDParser.java
C:\Users\emman\Desktop\IFT3913\graphhopper\core\src\main\java\com\graphhopper\routing\util\parsers\OSMRoadAccessParser.java
C:\Users\emman\Desktop\IFT3913\graphhopper\core\src\main\java\com\graphhopper\routing\weighting\custom\CustomWeighting.java
C:\Users\emman\Desktop\IFT3913\graphhopper\core\src\main\java\com\graphhopper\routing\util\parsers\helpers\OSMValueExtractor.java
C:\Users\emman\Desktop\IFT3913\graphhopper\core\src\main\java\com\graphhopper\util\GHUtility.java
C:\Users\emman\Desktop\IFT3913\graphhopper\core\src\main\java\com\graphhopper\routing\ev\EnumEncodedValue.java
C:\Users\emman\Desktop\IFT3913\graphhopper\core\src\main\java\com\graphhopper\coll\GHTBitSet.java
C:\Users\emman\Desktop\IFT3913\graphhopper\core\src\main\java\com\graphhopper\routing\ch\PrepareCHEntry.java
C:\Users\emman\Desktop\IFT3913\graphhopper\core\src\main\java\com\graphhopper\routing\ev\TurnRestriction.java
C:\Users\emman\Desktop\IFT3913\graphhopper\core\src\main\java\com\graphhopper\reader\osm\conditional\DateRangeParser.java
C:\Users\emman\Desktop\IFT3913\graphhopper\core\src\main\java\com\graphhopper\routing\ch\PrepareGraphEdgeIterator.java
C:\Users\emman\Desktop\IFT3913\graphhopper\core\src\main\java\com\graphhopper\routing\ev\EdgeIntAccess.java
C:\Users\emman\Desktop\IFT3913\graphhopper\core\src\main\java\com\graphhopper\reader\ReaderNode.java
C:\Users\emman\Desktop\IFT3913\graphhopper\core\src\main\java\com\graphhopper\util\details\EdgeIdDetails.java
C:\Users\emman\Desktop\IFT3913\graphhopper\core\src\main\java\com\graphhopper\reader\ReaderRelation.java
C:\Users\emman\Desktop\IFT3913\graphhopper\core\src\main\java\com\graphhopper\routing\ev\MaxWeightExcept.java
C:\Users\emman\Desktop\IFT3913\graphhopper\core\src\main\java\com\graphhopper\routing\ev\VehiclePriority.java
C:\Users\emman\Desktop\IFT3913\graphhopper\core\src\main\java\com\graphhopper\routing\util\parsers\RacingBikeAverageSpeedParser.java
C:\Users\emman\Desktop\IFT3913\graphhopper\core\src\main\java\com\graphhopper\storage\SimpleFSLockFactory.java
C:\Users\emman\Desktop\IFT3913\graphhopper\core\src\main\java\com\graphhopper\storage\CHEdgeFilter.java
C:\Users\emman\Desktop\IFT3913\graphhopper\core\src\main\java\com\graphhopper\util\details\AbstractPathDetailsBuilder.java
C:\Users\emman\Desktop\IFT3913\graphhopper\core\src\main\java\com\graphhopper\routing\AbstractBidirectionEdgeCHNoSOD.java
C:\Users\emman\Desktop\IFT3913\graphhopper\core\src\main\java\com\graphhopper\routing\util\parsers\BikeCommonAverageSpeedParser.java
C:\Users\emman\Desktop\IFT3913\graphhopper\core\src\main\java\com\graphhopper\config\CHProfile.java
C:\Users\emman\Desktop\IFT3913\graphhopper\core\src\main\java\com\graphhopper\storage\GHNodeAccess.java
C:\Users\emman\Desktop\IFT3913\graphhopper\core\src\main\java\com\graphhopper\routing\ev\EncodedValueLookup.java
C:\Users\emman\Desktop\IFT3913\graphhopper\core\src\main\java\com\graphhopper\coll\GHLongHashSet.java
C:\Users\emman\Desktop\IFT3913\graphhopper\core\src\main\java\com\graphhopper\storage\RoutingCHEdgeIteratorStateImpl.java
C:\Users\emman\Desktop\IFT3913\graphhopper\core\src\main\java\com\graphhopper\routing\weighting\custom\CustomModelParser.java
C:\Users\emman\Desktop\IFT3913\graphhopper\core\src\main\java\com\graphhopper\routing\util\DirectedEdgeFilter.java
C:\Users\emman\Desktop\IFT3913\graphhopper\core\src\main\java\com\graphhopper\reader\dem\CGIARProvider.java
C:\Users\emman\Desktop\IFT3913\graphhopper\core\src\main\java\com\graphhopper\routing\util\OSMParsers.java
C:\Users\emman\Desktop\IFT3913\graphhopper\core\src\main\java\com\graphhopper\routing\util\parsers\MountainBikeAverageSpeedParser.java
C:\Users\emman\Desktop\IFT3913\graphhopper\core\src\main\java\com\graphhopper\reader\dem\HGTProvider.java
C:\Users\emman\Desktop\IFT3913\graphhopper\core\src\main\java\com\graphhopper\routing\WeightingFactory.java
C:\Users\emman\Desktop\IFT3913\graphhopper\core\src\main\java\com\graphhopper\reader\dem\AbstractSRTMElevationProvider.java
C:\Users\emman\Desktop\IFT3913\graphhopper\core\src\main\java\com\graphhopper\routing\RoutingAlgorithmFactory.java
C:\Users\emman\Desktop\IFT3913\graphhopper\core\src\main\java\com\graphhopper\routing\AbstractNonCHBidirAlgo.java
C:\Users\emman\Desktop\IFT3913\graphhopper\core\src\main\java\com\graphhopper\routing\weighting\AbstractAdjustedWeighting.java
C:\Users\emman\Desktop\IFT3913\graphhopper\core\src\main\java\com\graphhopper\reader\osm\SegmentNode.java
C:\Users\emman\Desktop\IFT3913\graphhopper\core\src\main\java\com\graphhopper\routing\util\parsers\OSMRoundaboutParser.java
C:\Users\emman\Desktop\IFT3913\graphhopper\core\src\main\java\com\graphhopper\util\BreadthFirstSearch.java
C:\Users\emman\Desktop\IFT3913\graphhopper\core\src\main\java\com\graphhopper\util\details\AverageSpeedDetails.java
C:\Users\emman\Desktop\IFT3913\graphhopper\core\src\main\java\com\graphhopper\coll\MinHeapWithUpdate.java
C:\Users\emman\Desktop\IFT3913\graphhopper\core\src\main\java\com\graphhopper\routing\ch\BridgePathFinder.java
C:\Users\emman\Desktop\IFT3913\graphhopper\core\src\main\java\com\graphhopper\routing\ev\ImportUnit.java
C:\Users\emman\Desktop\IFT3913\graphhopper\core\src\main\java\com\graphhopper\routing\weighting\custom\ParseResult.java
C:\Users\emman\Desktop\IFT3913\graphhopper\core\src\main\java\com\graphhopper\routing\AbstractBidirAlgo.java
C:\Users\emman\Desktop\IFT3913\graphhopper\core\src\main\java\com\graphhopper\routing\Router.java
C:\Users\emman\Desktop\IFT3913\graphhopper\core\src\main\java\com\graphhopper\util\BitUtil.java
C:\Users\emman\Desktop\IFT3913\graphhopper\core\src\main\java\com\graphhopper\routing\util\TransportationMode.java
C:\Users\emman\Desktop\IFT3913\graphhopper\core\src\main\java\com\graphhopper\reader\osm\OSMRestrictionConverter.java
C:\Users\emman\Desktop\IFT3913\graphhopper\core\src\main\java\com\graphhopper\storage\DataAccess.java
C:\Users\emman\Desktop\IFT3913\graphhopper\core\src\main\java\com\graphhopper\routing\RoutingAlgorithmFactorySimple.java
C:\Users\emman\Desktop\IFT3913\graphhopper\core\src\main\java\com\graphhopper\routing\ev\Crossing.java
C:\Users\emman\Desktop\IFT3913\graphhopper\core\src\main\java\com\graphhopper\routing\lm\LMConfig.java
C:\Users\emman\Desktop\IFT3913\graphhopper\core\src\main\java\com\graphhopper\reader\ReaderWay.java
C:\Users\emman\Desktop\IFT3913\graphhopper\core\src\main\java\com\graphhopper\routing\util\parsers\OSMLanesParser.java
C:\Users\emman\Desktop\IFT3913\graphhopper\core\src\main\java\com\graphhopper\routing\util\parsers\RelationTagParser.java
C:\Users\emman\Desktop\IFT3913\graphhopper\core\src\main\java\com\graphhopper\routing\ch\EdgeBasedWitnessPathSearcher.java
C:\Users\emman\Desktop\IFT3913\graphhopper\core\src\main\java\com\graphhopper\routing\CHPathCalculator.java
C:\Users\emman\Desktop\IFT3913\graphhopper\core\src\main\java\com\graphhopper\util\details\EdgeKeyDetails.java
C:\Users\emman\Desktop\IFT3913\graphhopper\core\src\main\java\com\graphhopper\reader\dem\HeightTile.java
C:\Users\emman\Desktop\IFT3913\graphhopper\core\src\main\java\com\graphhopper\routing\ch\CHPreparationHandler.java
C:\Users\emman\Desktop\IFT3913\graphhopper\core\src\main\java\com\graphhopper\util\shapes\Polygon.java
C:\Users\emman\Desktop\IFT3913\graphhopper\core\src\main\java\com\graphhopper\storage\NodeAccess.java
C:\Users\emman\Desktop\IFT3913\graphhopper\core\src\main\java\com\graphhopper\reader\osm\pbf\Sink.java
C:\Users\emman\Desktop\IFT3913\graphhopper\core\src\main\java\com\graphhopper\apache\commons\collections\IntFloatBinaryHeap.java
C:\Users\emman\Desktop\IFT3913\graphhopper\core\src\main\java\com\graphhopper\reader\osm\pbf\PbfBlobDecoder.java
C:\Users\emman\Desktop\IFT3913\graphhopper\core\src\main\java\com\graphhopper\reader\osm\pbf\PbfDecoder.java
C:\Users\emman\Desktop\IFT3913\graphhopper\core\src\main\java\com\graphhopper\routing\util\FerrySpeedCalculator.java
C:\Users\emman\Desktop\IFT3913\graphhopper\core\src\main\java\com\graphhopper\routing\TestProfiles.java
C:\Users\emman\Desktop\IFT3913\graphhopper\core\src\main\java\com\graphhopper\storage\index\LineIntIndex.java
C:\Users\emman\Desktop\IFT3913\graphhopper\core\src\main\java\com\graphhopper\isochrone\algorithm\ReadableQuadEdge.java
C:\Users\emman\Desktop\IFT3913\graphhopper\core\src\main\java\com\graphhopper\routing\weighting\custom\CustomWeighting2.java
C:\Users\emman\Desktop\IFT3913\graphhopper\core\src\main\java\com\graphhopper\reader\dem\EdgeElevationSmoothingRamer.java
C:\Users\emman\Desktop\IFT3913\graphhopper\core\src\main\java\com\graphhopper\isochrone\algorithm\QuadEdgeSubdivisionAsReadableTriangulation.java
C:\Users\emman\Desktop\IFT3913\graphhopper\core\src\main\java\com\graphhopper\reader\osm\conditional\ParsedCalendar.java
C:\Users\emman\Desktop\IFT3913\graphhopper\core\src\main\java\com\graphhopper\coll\GHLongObjectHashMap.java
C:\Users\emman\Desktop\IFT3913\graphhopper\core\src\main\java\com\graphhopper\routing\ev\AverageSlope.java
C:\Users\emman\Desktop\IFT3913\graphhopper\core\src\main\java\com\graphhopper\routing\ev\IntEncodedValueImpl.java
